Component: ARM Compiler 5.05 update 1 (build 106) Tool: armlink [4d0efa]

==============================================================================

Section Cross References

    main.o(i.main) refers to delay.o(i.delay_init) for delay_init
    main.o(i.main) refers to sys.o(i.NVIC_Configuration) for NVIC_Configuration
    main.o(i.main) refers to usart.o(i.uart1_init) for uart1_init
    main.o(i.main) refers to usart.o(i.uart2_init) for uart2_init
    main.o(i.main) refers to dma.o(i.DMA_USART1_Configuration) for DMA_USART1_Configuration
    main.o(i.main) refers to dma.o(i.DMA_USART2_Configuration) for DMA_USART2_Configuration
    main.o(i.main) refers to dma.o(i.DMA_ADC_Configuration) for DMA_ADC_Configuration
    main.o(i.main) refers to adc.o(i.ADC1_Configuration) for ADC1_Configuration
    main.o(i.main) refers to led.o(i.Init_LEDpin) for Init_LEDpin
    main.o(i.main) refers to wdg.o(i.IWDG_Init) for IWDG_Init
    main.o(i.main) refers to can.o(i.CAN_Mode_Init) for CAN_Mode_Init
    main.o(i.main) refers to main.o(i.yaokong_fenxi) for yaokong_fenxi
    main.o(i.main) refers to wdg.o(i.IWDG_Feed) for IWDG_Feed
    main.o(i.main) refers to delay.o(i.delay_ms) for delay_ms
    main.o(i.main) refers to can.o(.data) for cansend
    main.o(i.yaokong_fenxi) refers to _printf_pad.o(.text) for _printf_pre_padding
    main.o(i.yaokong_fenxi) refers to _printf_percent.o(.ARM.Collect$$_printf_percent$$00000000) for _printf_percent
    main.o(i.yaokong_fenxi) refers to _printf_f.o(.ARM.Collect$$_printf_percent$$00000003) for _printf_f
    main.o(i.yaokong_fenxi) refers to printf1.o(x$fpl$printf1) for _printf_fp_dec
    main.o(i.yaokong_fenxi) refers to f2d.o(x$fpl$f2d) for __aeabi_f2d
    main.o(i.yaokong_fenxi) refers to dmul.o(x$fpl$dmul) for __aeabi_dmul
    main.o(i.yaokong_fenxi) refers to ddiv.o(x$fpl$ddiv) for __aeabi_ddiv
    main.o(i.yaokong_fenxi) refers to d2f.o(x$fpl$d2f) for __aeabi_d2f
    main.o(i.yaokong_fenxi) refers to noretval__2sprintf.o(.text) for __2sprintf
    main.o(i.yaokong_fenxi) refers to feqf.o(x$fpl$feqf) for __aeabi_cfcmpeq
    main.o(i.yaokong_fenxi) refers to fleqf.o(x$fpl$fleqf) for __aeabi_cfcmple
    main.o(i.yaokong_fenxi) refers to frleqf.o(x$fpl$frleqf) for __aeabi_cfrcmple
    main.o(i.yaokong_fenxi) refers to daddsub_clz.o(x$fpl$drsb) for __aeabi_drsub
    main.o(i.yaokong_fenxi) refers to faddsub_clz.o(x$fpl$fsub) for __aeabi_fsub
    main.o(i.yaokong_fenxi) refers to dfixu.o(x$fpl$dfixu) for __aeabi_d2uiz
    main.o(i.yaokong_fenxi) refers to daddsub_clz.o(x$fpl$dsub) for __aeabi_dsub
    main.o(i.yaokong_fenxi) refers to adc.o(.bss) for After_filter
    main.o(i.yaokong_fenxi) refers to main.o(.data) for adc_z
    main.o(i.yaokong_fenxi) refers to dma.o(.bss) for Uart1_Send
    main.o(i.yaokong_fenxi) refers to fdiv.o(x$fpl$fdiv) for __aeabi_fdiv
    main.o(i.yaokong_fenxi) refers to fmul.o(x$fpl$fmul) for __aeabi_fmul
    main.o(i.yaokong_fenxi) refers to ffixu.o(x$fpl$ffixu) for __aeabi_f2uiz
    main.o(i.yaokong_fenxi) refers to can.o(i.send) for send
    system_stm32f10x.o(i.SetSysClock) refers to system_stm32f10x.o(i.SetSysClockTo72) for SetSysClockTo72
    system_stm32f10x.o(i.SystemCoreClockUpdate) refers to system_stm32f10x.o(.data) for SystemCoreClock
    system_stm32f10x.o(i.SystemInit) refers to system_stm32f10x.o(i.SetSysClock) for SetSysClock
    led.o(i.Init_LEDpin) refers to stm32f10x_rcc.o(i.RCC_APB2PeriphClockCmd) for RCC_APB2PeriphClockCmd
    led.o(i.Init_LEDpin) refers to stm32f10x_gpio.o(i.GPIO_PinRemapConfig) for GPIO_PinRemapConfig
    led.o(i.Init_LEDpin) refers to stm32f10x_gpio.o(i.GPIO_Init) for GPIO_Init
    led.o(i.Init_LEDpin) refers to stm32f10x_gpio.o(i.GPIO_SetBits) for GPIO_SetBits
    dma.o(i.DMA1_Channel4_IRQHandler) refers to stm32f10x_dma.o(i.DMA_GetITStatus) for DMA_GetITStatus
    dma.o(i.DMA1_Channel4_IRQHandler) refers to stm32f10x_dma.o(i.DMA_ClearITPendingBit) for DMA_ClearITPendingBit
    dma.o(i.DMA1_Channel4_IRQHandler) refers to stm32f10x_dma.o(i.DMA_Cmd) for DMA_Cmd
    dma.o(i.DMA1_Channel7_IRQHandler) refers to stm32f10x_dma.o(i.DMA_GetITStatus) for DMA_GetITStatus
    dma.o(i.DMA1_Channel7_IRQHandler) refers to stm32f10x_dma.o(i.DMA_ClearITPendingBit) for DMA_ClearITPendingBit
    dma.o(i.DMA1_Channel7_IRQHandler) refers to stm32f10x_dma.o(i.DMA_Cmd) for DMA_Cmd
    dma.o(i.DMA_ADC_Configuration) refers to stm32f10x_dma.o(i.DMA_DeInit) for DMA_DeInit
    dma.o(i.DMA_ADC_Configuration) refers to stm32f10x_dma.o(i.DMA_Init) for DMA_Init
    dma.o(i.DMA_ADC_Configuration) refers to stm32f10x_dma.o(i.DMA_Cmd) for DMA_Cmd
    dma.o(i.DMA_ADC_Configuration) refers to stm32f10x_dma.o(i.DMA_ITConfig) for DMA_ITConfig
    dma.o(i.DMA_ADC_Configuration) refers to dma.o(.bss) for AD_Value
    dma.o(i.DMA_USART1_Configuration) refers to stm32f10x_dma.o(i.DMA_DeInit) for DMA_DeInit
    dma.o(i.DMA_USART1_Configuration) refers to stm32f10x_dma.o(i.DMA_Init) for DMA_Init
[...]
    ../clib/libinit.s                        0x00000000   Number         0  libshutdown2.o ABSOLUTE
    ../clib/locale.s                         0x00000000   Number         0  lc_numeric_c.o ABSOLUTE
    ../clib/longlong.s                       0x00000000   Number         0  lludiv10.o ABSOLUTE
    ../clib/memcpset.s                       0x00000000   Number         0  strcmpv7m.o ABSOLUTE
    ../clib/misc.s                           0x00000000   Number         0  printf_stubs.o ABSOLUTE
    ../clib/printf.c                         0x00000000   Number         0  __printf_flags.o ABSOLUTE
    ../clib/printf.c                         0x00000000   Number         0  __printf_nopercent.o ABSOLUTE
    ../clib/printf.c                         0x00000000   Number         0  _printf_pad.o ABSOLUTE
    ../clib/printf.c                         0x00000000   Number         0  __2sprintf.o ABSOLUTE
    ../clib/printf.c                         0x00000000   Number         0  noretval__2sprintf.o ABSOLUTE
    ../clib/printf.c                         0x00000000   Number         0  __printf.o ABSOLUTE
    ../clib/printf.c                         0x00000000   Number         0  __printf_ss.o ABSOLUTE
    ../clib/printf.c                         0x00000000   Number         0  __printf_flags_ss.o ABSOLUTE
    ../clib/printf.c                         0x00000000   Number         0  __printf_wp.o ABSOLUTE
    ../clib/printf.c                         0x00000000   Number         0  _sputc.o ABSOLUTE
    ../clib/printf.c                         0x00000000   Number         0  _printf_char_common.o ABSOLUTE
    ../clib/printf.c                         0x00000000   Number         0  __printf_flags_wp.o ABSOLUTE
    ../clib/printf.c                         0x00000000   Number         0  __printf_ss_wp.o ABSOLUTE
    ../clib/printf.c                         0x00000000   Number         0  _printf_fp_infnan.o ABSOLUTE
    ../clib/printf.c                         0x00000000   Number         0  _printf_fp_dec.o ABSOLUTE
    ../clib/printf.c                         0x00000000   Number         0  __printf_flags_ss_wp.o ABSOLUTE
    ../clib/printf_percent.s                 0x00000000   Number         0  _printf_f.o ABSOLUTE
    ../clib/printf_percent.s                 0x00000000   Number         0  _printf_percent.o ABSOLUTE
    ../clib/printf_percent.s                 0x00000000   Number         0  _printf_percent_end.o ABSOLUTE
    ../clib/signal.c                         0x00000000   Number         0  defsig_pvfn_inner.o ABSOLUTE
    ../clib/signal.c                         0x00000000   Number         0  defsig_other.o ABSOLUTE
    ../clib/signal.c                         0x00000000   Number         0  defsig_segv_inner.o ABSOLUTE
    ../clib/signal.c                         0x00000000   Number         0  defsig_cppl_inner.o ABSOLUTE
    ../clib/signal.c                         0x00000000   Number         0  defsig_stak_inner.o ABSOLUTE
    ../clib/signal.c                         0x00000000   Number         0  defsig_rtred_inner.o ABSOLUTE
    ../clib/signal.c                         0x00000000   Number         0  defsig_fpe_inner.o ABSOLUTE
    ../clib/signal.c                         0x00000000   Number         0  defsig_abrt_inner.o ABSOLUTE
    ../clib/signal.c                         0x00000000   Number         0  defsig_rtmem_formal.o ABSOLUTE
    ../clib/signal.c                         0x00000000   Number         0  defsig_general.o ABSOLUTE
    ../clib/signal.c                         0x00000000   Number         0  __raise.o ABSOLUTE
    ../clib/signal.c                         0x00000000   Number         0  defsig_rtmem_inner.o ABSOLUTE
    ../clib/signal.c                         0x00000000   Number         0  defsig_exit.o ABSOLUTE
    ../clib/signal.c                         0x00000000   Number         0  defsig_rtmem_outer.o ABSOLUTE
    ../clib/signal.s                         0x00000000   Number         0  defsig.o ABSOLUTE
    ../clib/stdlib.c                         0x00000000   Number         0  exit.o ABSOLUTE
    ../fplib/d2f.s                           0x00000000   Number         0  d2f.o ABSOLUTE
    ../fplib/daddsub.s                       0x00000000   Number         0  daddsub_clz.o ABSOLUTE
    ../fplib/ddiv.s                          0x00000000   Number         0  ddiv.o ABSOLUTE
    ../fplib/dfixu.s                         0x00000000   Number         0  dfixu.o ABSOLUTE
    ../fplib/dmul.s                          0x00000000   Number         0  dmul.o ABSOLUTE
    ../fplib/dnaninf.s                       0x00000000   Number         0  dnaninf.o ABSOLUTE
    ../fplib/dretinf.s                       0x00000000   Number         0  dretinf.o ABSOLUTE
    ../fplib/f2d.s                           0x00000000   Number         0  f2d.o ABSOLUTE
    ../fplib/faddsub.s                       0x00000000   Number         0  faddsub_clz.o ABSOLUTE
    ../fplib/fcmpi.s                         0x00000000   Number         0  fcmpi.o ABSOLUTE
    ../fplib/fdiv.s                          0x00000000   Number         0  fdiv.o ABSOLUTE
    ../fplib/feqf.s                          0x00000000   Number         0  feqf.o ABSOLUTE
    ../fplib/ffixu.s                         0x00000000   Number         0  ffixu.o ABSOLUTE
    ../fplib/fflt.s                          0x00000000   Number         0  fflt_clz.o ABSOLUTE
    ../fplib/fleqf.s                         0x00000000   Number         0  fleqf.o ABSOLUTE
    ../fplib/fmul.s                          0x00000000   Number         0  fmul.o ABSOLUTE
    ../fplib/fnaninf.s                       0x00000000   Number         0  fnaninf.o ABSOLUTE
    ../fplib/fpinit.s                        0x00000000   Number         0  fpinit.o ABSOLUTE
    ../fplib/fretinf.s                       0x00000000   Number         0  fretinf.o ABSOLUTE
    ../fplib/frleqf.s                        0x00000000   Number         0  frleqf.o ABSOLUTE
    ../fplib/istatus.s                       0x00000000   Number         0  istatus.o ABSOLUTE
    ../fplib/printf1.s                       0x00000000   Number         0  printf1.o ABSOLUTE
    ../fplib/usenofp.s                       0x00000000   Number         0  usenofp.o ABSOLUTE
    ../mathlib/fpclassify.c                  0x00000000   Number         0  fpclassify.o ABSOLUTE
    ..\CORE\core_cm3.c                       0x00000000   Number         0  core_cm3.o ABSOLUTE
    ..\CORE\startup_stm32f10x_md.s           0x00000000   Number         0  startup_stm32f10x_md.o ABSOLUTE
    ..\MyCode\WDG\wdg.c                      0x00000000   Number         0  wdg.o ABSOLUTE
    ..\MyCode\adc\adc.c                      0x00000000   Number         0  adc.o ABSOLUTE
    ..\MyCode\can\can.c                      0x00000000   Number         0  can.o ABSOLUTE
    ..\MyCode\dam\dma.c                      0x00000000   Number         0  dma.o ABSOLUTE
    ..\MyCode\led\led.c                      0x00000000   Number         0  led.o ABSOLUTE
    ..\STM32_FWLIB\src\misc.c                0x00000000   Number         0  misc.o ABSOLUTE
    ..\STM32_FWLIB\src\stm32f10x_adc.c       0x00000000   Number         0  stm32f10x_adc.o ABSOLUTE
    ..\STM32_FWLIB\src\stm32f10x_can.c       0x00000000   Number         0  stm32f10x_can.o ABSOLUTE
    ..\STM32_FWLIB\src\stm32f10x_dma.c       0x00000000   Number         0  stm32f10x_dma.o ABSOLUTE
    ..\STM32_FWLIB\src\stm32f10x_gpio.c      0x00000000   Number         0  stm32f10x_gpio.o ABSOLUTE
    ..\STM32_FWLIB\src\stm32f10x_iwdg.c      0x00000000   Number         0  stm32f10x_iwdg.o ABSOLUTE
    ..\STM32_FWLIB\src\stm32f10x_rcc.c       0x00000000   Number         0  stm32f10x_rcc.o ABSOLUTE
    ..\STM32_FWLIB\src\stm32f10x_usart.c     0x00000000   Number         0  stm32f10x_usart.o ABSOLUTE
    ..\SYSTEM\delay\delay.c                  0x00000000   Number         0  delay.o ABSOLUTE
    ..\SYSTEM\sys\sys.c                      0x00000000   Number         0  sys.o ABSOLUTE
    ..\SYSTEM\usart\usart.c                  0x00000000   Number         0  usart.o ABSOLUTE
    ..\\CORE\\core_cm3.c                     0x00000000   Number         0  core_cm3.o ABSOLUTE
    dc.s                                     0x00000000   Number         0  dc.o ABSOLUTE
    main.c                                   0x00000000   Number         0  main.o ABSOLUTE
    stm32f10x_it.c                           0x00000000   Number         0  stm32f10x_it.o ABSOLUTE
    system_stm32f10x.c                       0x00000000   Number         0  system_stm32f10x.o ABSOLUTE
    RESET                                    0x08000000   Section      236  startup_stm32f10x_md.o(RESET)
    !!!main                                  0x080000ec   Section        8  __main.o(!!!main)
    !!!scatter                               0x080000f4   Section       52  __scatter.o(!!!scatter)
    !!handler_copy                           0x08000128   Section       26  __scatter_copy.o(!!handler_copy)
    !!handler_zi                             0x08000144   Section       28  __scatter_zi.o(!!handler_zi)
    .ARM.Collect$$_printf_percent$$00000000  0x08000160   Section        0  _printf_percent.o(.ARM.Collect$$_printf_percent$$00000000)
    .ARM.Collect$$_printf_percent$$00000003  0x08000160   Section        6  _printf_f.o(.ARM.Collect$$_printf_percent$$00000003)
    .ARM.Collect$$_printf_percent$$00000017  0x08000166   Section        4  _printf_percent_end.o(.ARM.Collect$$_printf_percent$$00000017)
    .ARM.Collect$$libinit$$00000000          0x0800016a   Section        2  libinit.o(.ARM.Collect$$libinit$$00000000)
    .ARM.Collect$$libinit$$00000002          0x0800016c   Section        0  libinit2.o(.ARM.Collect$$libinit$$00000002)
    .ARM.Collect$$libinit$$00000004          0x0800016c   Section        0  libinit2.o(.ARM.Collect$$libinit$$00000004)
    .ARM.Collect$$libinit$$0000000A          0x0800016c   Section        0  libinit2.o(.ARM.Collect$$libinit$$0000000A)
    .ARM.Collect$$libinit$$0000000C          0x0800016c   Section        0  libinit2.o(.ARM.Collect$$libinit$$0000000C)
    .ARM.Collect$$libinit$$0000000E          0x0800016c   Section        0  libinit2.o(.ARM.Collect$$libinit$$0000000E)
    .ARM.Collect$$libinit$$0000000F          0x0800016c   Section        6  libinit2.o(.ARM.Collect$$libinit$$0000000F)
    .ARM.Collect$$libinit$$00000011          0x08000172   Section        0  libinit2.o(.ARM.Collect$$libinit$$00000011)
    .ARM.Collect$$libinit$$00000013          0x08000172   Section        0  libinit2.o(.ARM.Collect$$libinit$$00000013)
    .ARM.Collect$$libinit$$00000015          0x08000172   Section        0  libinit2.o(.ARM.Collect$$libinit$$00000015)
    .ARM.Collect$$libinit$$00000016          0x08000172   Section       10  libinit2.o(.ARM.Collect$$libinit$$00000016)
    .ARM.Collect$$libinit$$00000017          0x0800017c   Section        0  libinit2.o(.ARM.Collect$$libinit$$00000017)
    .ARM.Collect$$libinit$$00000019          0x0800017c   Section        0  libinit2.o(.ARM.Collect$$libinit$$00000019)
    .ARM.Collect$$libinit$$0000001B          0x0800017c   Section        0  libinit2.o(.ARM.Collect$$libinit$$0000001B)
    .ARM.Collect$$libinit$$0000001D          0x0800017c   Section        0  libinit2.o(.ARM.Collect$$libinit$$0000001D)
    .ARM.Collect$$libinit$$0000001F          0x0800017c   Section        0  libinit2.o(.ARM.Collect$$libinit$$0000001F)
    .ARM.Collect$$libinit$$00000021          0x0800017c   Section        0  libinit2.o(.ARM.Collect$$libinit$$00000021)
    .ARM.Collect$$libinit$$00000023          0x0800017c   Section        0  libinit2.o(.ARM.Collect$$libinit$$00000023)
    .ARM.Collect$$libinit$$00000025          0x0800017c   Section        0  libinit2.o(.ARM.Collect$$libinit$$00000025)
    .ARM.Collect$$libinit$$0000002C          0x0800017c   Section        0  libinit2.o(.ARM.Collect$$libinit$$0000002C)
    .ARM.Collect$$libinit$$0000002E          0x0800017c   Section        0  libinit2.o(.ARM.Collect$$libinit$$0000002E)
    .ARM.Collect$$libinit$$00000030          0x0800017c   Section        0  libinit2.o(.ARM.Collect$$libinit$$00000030)
    .ARM.Collect$$libinit$$00000032          0x0800017c   Section        0  libinit2.o(.ARM.Collect$$libinit$$00000032)
    .ARM.Collect$$libinit$$00000033          0x0800017c   Section        2  libinit2.o(.ARM.Collect$$libinit$$00000033)
    .ARM.Collect$$libshutdown$$00000000      0x0800017e   Section        2  libshutdown.o(.ARM.Collect$$libshutdown$$00000000)
    .ARM.Collect$$libshutdown$$00000003      0x08000180   Section        0  libshutdown2.o(.ARM.Collect$$libshutdown$$00000003)
    .ARM.Collect$$libshutdown$$00000006      0x08000180   Section        0  libshutdown2.o(.ARM.Collect$$libshutdown$$00000006)
    .ARM.Collect$$libshutdown$$00000009      0x08000180   Section        0  libshutdown2.o(.ARM.Collect$$libshutdown$$00000009)
    .ARM.Collect$$libshutdown$$0000000B      0x08000180   Section        0  libshutdown2.o(.ARM.Collect$$libshutdown$$0000000B)
    .ARM.Collect$$libshutdown$$0000000E      0x08000180   Section        0  libshutdown2.o(.ARM.Collect$$libshutdown$$0000000E)
    .ARM.Collect$$libshutdown$$0000000F      0x08000180   Section        2  libshutdown2.o(.ARM.Collect$$libshutdown$$0000000F)
    .ARM.Collect$$rtentry$$00000000          0x08000182   Section        0  __rtentry.o(.ARM.Collect$$rtentry$$00000000)
    .ARM.Collect$$rtentry$$00000002          0x08000182   Section        0  __rtentry2.o(.ARM.Collect$$rtentry$$00000002)
    .ARM.Collect$$rtentry$$00000004          0x08000182   Section        6  __rtentry4.o(.ARM.Collect$$rtentry$$00000004)
    .ARM.Collect$$rtentry$$00000009          0x08000188   Section        0  __rtentry2.o(.ARM.Collect$$rtentry$$00000009)
    .ARM.Collect$$rtentry$$0000000A          0x08000188   Section        4  __rtentry2.o(.ARM.Collect$$rtentry$$0000000A)
    .ARM.Collect$$rtentry$$0000000C          0x0800018c   Section        0  __rtentry2.o(.ARM.Collect$$rtentry$$0000000C)
    .ARM.Collect$$rtentry$$0000000D          0x0800018c   Section        8  __rtentry2.o(.ARM.Collect$$rtentry$$0000000D)
    .ARM.Collect$$rtexit$$00000000           0x08000194   Section        2  rtexit.o(.ARM.Collect$$rtexit$$00000000)
    .ARM.Collect$$rtexit$$00000002           0x08000196   Section        0  rtexit2.o(.ARM.Collect$$rtexit$$00000002)
    .ARM.Collect$$rtexit$$00000003           0x08000196   Section        4  rtexit2.o(.ARM.Collect$$rtexit$$00000003)
    .ARM.Collect$$rtexit$$00000004           0x0800019a   Section        6  rtexit2.o(.ARM.Collect$$rtexit$$00000004)
    .text                                    0x080001a0   Section       64  startup_stm32f10x_md.o(.text)
    .text                                    0x080001e0   Section        2  use_no_semi_2.o(.text)
    .text                                    0x080001e4   Section        0  noretval__2sprintf.o(.text)
    .text                                    0x0800020c   Section        0  _printf_pad.o(.text)
    .text                                    0x0800025a   Section        0  __printf_wp.o(.text)
    .text                                    0x08000368   Section        0  heapauxi.o(.text)
    .text                                    0x0800036e   Section        2  use_no_semi.o(.text)
    .text                                    0x08000370   Section        0  _printf_fp_dec.o(.text)
    _fp_digits                               0x08000373   Thumb Code   428  _printf_fp_dec.o(.text)
    .text                                    0x0800078c   Section        0  _printf_char_common.o(.text)
    _printf_input_char                       0x0800078d   Thumb Code    10  _printf_char_common.o(.text)
    .text                                    0x080007bc   Section        0  _sputc.o(.text)
    .text                                    0x080007c8   Section        8  rt_locale_intlibspace.o(.text)
    .text                                    0x080007d0   Section      138  lludiv10.o(.text)
    .text                                    0x0800085c   Section        0  _printf_fp_infnan.o(.text)
    .text                                    0x080008dc   Section        0  bigflt0.o(.text)
    .text                                    0x080009b8   Section        8  libspace.o(.text)
    .text                                    0x080009c0   Section       74  sys_stackheap_outer.o(.text)
    .text                                    0x08000a0a   Section        0  exit.o(.text)
    .text                                    0x08000a18   Section      128  strcmpv7m.o(.text)
    CL$$btod_d2e                             0x08000a98   Section       62  btod.o(CL$$btod_d2e)
    CL$$btod_d2e_denorm_low                  0x08000ad6   Section       70  btod.o(CL$$btod_d2e_denorm_low)
    CL$$btod_d2e_norm_op1                    0x08000b1c   Section       96  btod.o(CL$$btod_d2e_norm_op1)
    CL$$btod_div_common                      0x08000b7c   Section      824  btod.o(CL$$btod_div_common)
    CL$$btod_e2e                             0x08000eb4   Section      198  btod.o(CL$$btod_e2e)
    CL$$btod_ediv                            0x08000f7a   Section       40  btod.o(CL$$btod_ediv)
    CL$$btod_emul                            0x08000fa2   Section       40  btod.o(CL$$btod_emul)
    CL$$btod_mult_common                     0x08000fca   Section      580  btod.o(CL$$btod_mult_common)
    i.ADC1_Configuration                     0x08001210   Section        0  adc.o(i.ADC1_Configuration)
    i.ADC_Cmd                                0x080012e0   Section        0  stm32f10x_adc.o(i.ADC_Cmd)
    i.ADC_DMACmd                             0x080012f6   Section        0  stm32f10x_adc.o(i.ADC_DMACmd)
    i.ADC_DeInit                             0x0800130c   Section        0  stm32f10x_adc.o(i.ADC_DeInit)
    i.ADC_GetCalibrationStatus               0x08001368   Section        0  stm32f10x_adc.o(i.ADC_GetCalibrationStatus)
    i.ADC_GetResetCalibrationStatus          0x0800137c   Section        0  stm32f10x_adc.o(i.ADC_GetResetCalibrationStatus)
    i.ADC_Init                               0x08001390   Section        0  stm32f10x_adc.o(i.ADC_Init)
    i.ADC_RegularChannelConfig               0x080013e0   Section        0  stm32f10x_adc.o(i.ADC_RegularChannelConfig)
    i.ADC_ResetCalibration                   0x08001498   Section        0  stm32f10x_adc.o(i.ADC_ResetCalibration)
    i.ADC_SoftwareStartConvCmd               0x080014a2   Section        0  stm32f10x_adc.o(i.ADC_SoftwareStartConvCmd)
    i.ADC_StartCalibration                   0x080014b8   Section        0  stm32f10x_adc.o(i.ADC_StartCalibration)
    i.ADC_TempSensorVrefintCmd               0x080014c4   Section        0  stm32f10x_adc.o(i.ADC_TempSensorVrefintCmd)
    i.BusFault_Handler                       0x080014e8   Section        0  stm32f10x_it.o(i.BusFault_Handler)
    i.CAN_DeInit                             0x080014ec   Section        0  stm32f10x_can.o(i.CAN_DeInit)
    i.CAN_FilterInit                         0x08001524   Section        0  stm32f10x_can.o(i.CAN_FilterInit)
    i.CAN_ITConfig                           0x0800162c   Section        0  stm32f10x_can.o(i.CAN_ITConfig)
    i.CAN_Init                               0x0800163e   Section        0  stm32f10x_can.o(i.CAN_Init)
    i.CAN_Mode_Init                          0x08001754   Section        0  can.o(i.CAN_Mode_Init)
    i.CAN_Receive                            0x08001860   Section        0  stm32f10x_can.o(i.CAN_Receive)
    i.CAN_StructInit                         0x08001950   Section        0  stm32f10x_can.o(i.CAN_StructInit)
    i.CAN_Transmit                           0x08001970   Section        0  stm32f10x_can.o(i.CAN_Transmit)
    i.CAN_TransmitStatus                     0x08001a98   Section        0  stm32f10x_can.o(i.CAN_TransmitStatus)
    i.Can_Send_Msg                           0x08001b38   Section        0  can.o(i.Can_Send_Msg)
    i.DMA1_Channel1_IRQHandler               0x08001ba8   Section        0  adc.o(i.DMA1_Channel1_IRQHandler)
    i.DMA1_Channel4_IRQHandler               0x08001bc0   Section        0  dma.o(i.DMA1_Channel4_IRQHandler)
    i.DMA1_Channel7_IRQHandler               0x08001be4   Section        0  dma.o(i.DMA1_Channel7_IRQHandler)
    i.DMA_ADC_Configuration                  0x08001c08   Section        0  dma.o(i.DMA_ADC_Configuration)
    i.DMA_ClearITPendingBit                  0x08001c68   Section        0  stm32f10x_dma.o(i.DMA_ClearITPendingBit)
    i.DMA_Cmd                                0x08001c84   Section        0  stm32f10x_dma.o(i.DMA_Cmd)
    i.DMA_DeInit                             0x08001c9c   Section        0  stm32f10x_dma.o(i.DMA_DeInit)
    i.DMA_GetCurrDataCounter                 0x08001de8   Section        0  stm32f10x_dma.o(i.DMA_GetCurrDataCounter)
    i.DMA_GetITStatus                        0x08001df0   Section        0  stm32f10x_dma.o(i.DMA_GetITStatus)
    i.DMA_ITConfig                           0x08001e1c   Section        0  stm32f10x_dma.o(i.DMA_ITConfig)
    i.DMA_Init                               0x08001e2e   Section        0  stm32f10x_dma.o(i.DMA_Init)
    i.DMA_USART1_Configuration               0x08001e6c   Section        0  dma.o(i.DMA_USART1_Configuration)
    i.DMA_USART2_Configuration               0x08001f38   Section        0  dma.o(i.DMA_USART2_Configuration)
    i.DebugMon_Handler                       0x08002000   Section        0  stm32f10x_it.o(i.DebugMon_Handler)
    i.GPIO_Init                              0x08002002   Section        0  stm32f10x_gpio.o(i.GPIO_Init)
    i.GPIO_PinRemapConfig                    0x08002118   Section        0  stm32f10x_gpio.o(i.GPIO_PinRemapConfig)
    i.GPIO_SetBits                           0x080021a8   Section        0  stm32f10x_gpio.o(i.GPIO_SetBits)
    i.HardFault_Handler                      0x080021ac   Section        0  stm32f10x_it.o(i.HardFault_Handler)
    i.IWDG_Enable                            0x080021b0   Section        0  stm32f10x_iwdg.o(i.IWDG_Enable)
    i.IWDG_Feed                              0x080021c0   Section        0  wdg.o(i.IWDG_Feed)
    i.IWDG_Init                              0x080021c8   Section        0  wdg.o(i.IWDG_Init)
    i.IWDG_ReloadCounter                     0x080021ec   Section        0  stm32f10x_iwdg.o(i.IWDG_ReloadCounter)
    i.IWDG_SetPrescaler                      0x080021fc   Section        0  stm32f10x_iwdg.o(i.IWDG_SetPrescaler)
    i.IWDG_SetReload                         0x08002208   Section        0  stm32f10x_iwdg.o(i.IWDG_SetReload)
    i.IWDG_WriteAccessCmd                    0x08002214   Section        0  stm32f10x_iwdg.o(i.IWDG_WriteAccessCmd)
    i.Init_LEDpin                            0x08002220   Section        0  led.o(i.Init_LEDpin)
    i.MemManage_Handler                      0x080022f4   Section        0  stm32f10x_it.o(i.MemManage_Handler)
    i.NMI_Handler                            0x080022f8   Section        0  stm32f10x_it.o(i.NMI_Handler)
    i.NVIC_Configuration                     0x080022fa   Section        0  sys.o(i.NVIC_Configuration)
    i.NVIC_Init                              0x08002360   Section        0  misc.o(i.NVIC_Init)
    i.NVIC_PriorityGroupConfig               0x080023d0   Section        0  misc.o(i.NVIC_PriorityGroupConfig)
    i.PendSV_Handler                         0x080023e4   Section        0  stm32f10x_it.o(i.PendSV_Handler)
    i.RCC_ADCCLKConfig                       0x080023e8   Section        0  stm32f10x_rcc.o(i.RCC_ADCCLKConfig)
    i.RCC_AHBPeriphClockCmd                  0x08002400   Section        0  stm32f10x_rcc.o(i.RCC_AHBPeriphClockCmd)
    i.RCC_APB1PeriphClockCmd                 0x08002420   Section        0  stm32f10x_rcc.o(i.RCC_APB1PeriphClockCmd)
    i.RCC_APB1PeriphResetCmd                 0x08002440   Section        0  stm32f10x_rcc.o(i.RCC_APB1PeriphResetCmd)
    i.RCC_APB2PeriphClockCmd                 0x08002460   Section        0  stm32f10x_rcc.o(i.RCC_APB2PeriphClockCmd)
    i.RCC_APB2PeriphResetCmd                 0x08002480   Section        0  stm32f10x_rcc.o(i.RCC_APB2PeriphResetCmd)
    i.RCC_GetClocksFreq                      0x080024a0   Section        0  stm32f10x_rcc.o(i.RCC_GetClocksFreq)
    i.SVC_Handler                            0x08002574   Section        0  stm32f10x_it.o(i.SVC_Handler)
    i.SetSysClock                            0x08002576   Section        0  system_stm32f10x.o(i.SetSysClock)
    SetSysClock                              0x08002577   Thumb Code     8  system_stm32f10x.o(i.SetSysClock)
    i.SetSysClockTo72                        0x08002580   Section        0  system_stm32f10x.o(i.SetSysClockTo72)
    SetSysClockTo72                          0x08002581   Thumb Code   214  system_stm32f10x.o(i.SetSysClockTo72)
    i.SysTick_CLKSourceConfig                0x08002660   Section        0  misc.o(i.SysTick_CLKSourceConfig)
    i.SystemInit                             0x08002688   Section        0  system_stm32f10x.o(i.SystemInit)
    i.USART1_IRQHandler                      0x080026e8   Section        0  usart.o(i.USART1_IRQHandler)
    i.USART2_IRQHandler                      0x0800273c   Section        0  usart.o(i.USART2_IRQHandler)
    i.USART_Cmd                              0x08002790   Section        0  stm32f10x_usart.o(i.USART_Cmd)
    i.USART_DMACmd                           0x080027a8   Section        0  stm32f10x_usart.o(i.USART_DMACmd)
    i.USART_GetITStatus                      0x080027ba   Section        0  stm32f10x_usart.o(i.USART_GetITStatus)
    i.USART_ITConfig                         0x0800280e   Section        0  stm32f10x_usart.o(i.USART_ITConfig)
    i.USART_Init                             0x08002858   Section        0  stm32f10x_usart.o(i.USART_Init)
    i.USB_LP_CAN1_RX0_IRQHandler             0x08002930   Section        0  can.o(i.USB_LP_CAN1_RX0_IRQHandler)
    i.UsageFault_Handler                     0x0800297c   Section        0  stm32f10x_it.o(i.UsageFault_Handler)
    i.__ARM_fpclassify                       0x08002980   Section        0  fpclassify.o(i.__ARM_fpclassify)
    i._is_digit                              0x080029a8   Section        0  __printf_wp.o(i._is_digit)
    i._sys_exit                              0x080029b6   Section        0  usart.o(i._sys_exit)
    i.delay_init                             0x080029bc   Section        0  delay.o(i.delay_init)
    i.delay_ms                               0x08002a00   Section        0  delay.o(i.delay_ms)
    i.filter                                 0x08002a4c   Section        0  adc.o(i.filter)
    i.main                                   0x08002a9c   Section        0  main.o(i.main)
    i.send                                   0x08002b24   Section        0  can.o(i.send)
    i.uart1_init                             0x08002b4c   Section        0  usart.o(i.uart1_init)
    i.uart2_init                             0x08002c04   Section        0  usart.o(i.uart2_init)
    i.yaokong_fenxi                          0x08002cac   Section        0  main.o(i.yaokong_fenxi)
    locale$$code                             0x08003330   Section       44  lc_numeric_c.o(locale$$code)
    x$fpl$d2f                                0x0800335c   Section       98  d2f.o(x$fpl$d2f)
    x$fpl$dadd                               0x080033c0   Section      336  daddsub_clz.o(x$fpl$dadd)
    _dadd1                                   0x080033d1   Thumb Code     0  daddsub_clz.o(x$fpl$dadd)
    x$fpl$ddiv                               0x08003510   Section      688  ddiv.o(x$fpl$ddiv)
    ddiv_entry                               0x08003517   Thumb Code     0  ddiv.o(x$fpl$ddiv)
    x$fpl$dfixu                              0x080037c0   Section       90  dfixu.o(x$fpl$dfixu)
    x$fpl$dmul                               0x0800381c   Section      340  dmul.o(x$fpl$dmul)
    x$fpl$dnaninf                            0x08003970   Section      156  dnaninf.o(x$fpl$dnaninf)
    x$fpl$dretinf                            0x08003a0c   Section       12  dretinf.o(x$fpl$dretinf)
    x$fpl$drsb                               0x08003a18   Section       22  daddsub_clz.o(x$fpl$drsb)
    x$fpl$dsub                               0x08003a30   Section      468  daddsub_clz.o(x$fpl$dsub)
    _dsub1                                   0x08003a41   Thumb Code     0  daddsub_clz.o(x$fpl$dsub)
    x$fpl$f2d                                0x08003c04   Section       86  f2d.o(x$fpl$f2d)
    x$fpl$fadd                               0x08003c5c   Section      196  faddsub_clz.o(x$fpl$fadd)
    _fadd1                                   0x08003c6b   Thumb Code     0  faddsub_clz.o(x$fpl$fadd)
    x$fpl$fcmpinf                            0x08003d20   Section       24  fcmpi.o(x$fpl$fcmpinf)
    x$fpl$fdiv                               0x08003d38   Section      388  fdiv.o(x$fpl$fdiv)
    _fdiv1                                   0x08003d39   Thumb Code     0  fdiv.o(x$fpl$fdiv)
    x$fpl$feqf                               0x08003ebc   Section      104  feqf.o(x$fpl$feqf)
    x$fpl$ffixu                              0x08003f24   Section       62  ffixu.o(x$fpl$ffixu)
    x$fpl$fflt                               0x08003f64   Section       48  fflt_clz.o(x$fpl$fflt)
    x$fpl$fleqf                              0x08003f94   Section      104  fleqf.o(x$fpl$fleqf)
    x$fpl$fmul                               0x08003ffc   Section      258  fmul.o(x$fpl$fmul)
    x$fpl$fnaninf                            0x080040fe   Section      140  fnaninf.o(x$fpl$fnaninf)
    x$fpl$fretinf                            0x0800418a   Section       10  fretinf.o(x$fpl$fretinf)
    x$fpl$frleqf                             0x08004194   Section       98  frleqf.o(x$fpl$frleqf)
    x$fpl$fsub                               0x080041f8   Section      234  faddsub_clz.o(x$fpl$fsub)
    _fsub1                                   0x08004207   Thumb Code     0  faddsub_clz.o(x$fpl$fsub)
    x$fpl$printf1                            0x080042e2   Section        4  printf1.o(x$fpl$printf1)
    x$fpl$usenofp                            0x080042e6   Section        0  usenofp.o(x$fpl$usenofp)
    .constdata                               0x080042e8   Section      148  bigflt0.o(.constdata)
    tenpwrs_x                                0x080042e8   Data          60  bigflt0.o(.constdata)
    tenpwrs_i                                0x08004324   Data          64  bigflt0.o(.constdata)
    locale$$data                             0x0800439c   Section       28  lc_numeric_c.o(locale$$data)
    __lcnum_c_name                           0x080043a0   Data           2  lc_numeric_c.o(locale$$data)
    __lcnum_c_start                          0x080043a8   Data           0  lc_numeric_c.o(locale$$data)
    __lcnum_c_point                          0x080043b4   Data           0  lc_numeric_c.o(locale$$data)
    __lcnum_c_thousands                      0x080043b6   Data           0  lc_numeric_c.o(locale$$data)
    __lcnum_c_grouping                       0x080043b7   Data           0  lc_numeric_c.o(locale$$data)
    __lcnum_c_end                            0x080043b8   Data           0  lc_numeric_c.o(locale$$data)
    .data                                    0x20000000   Section       26  main.o(.data)
    .data                                    0x2000001c   Section       20  system_stm32f10x.o(.data)
    .data                                    0x20000030   Section        6  can.o(.data)
    .data                                    0x20000036   Section       20  stm32f10x_rcc.o(.data)
    APBAHBPrescTable                         0x20000036   Data          16  stm32f10x_rcc.o(.data)
    ADCPrescTable                            0x20000046   Data           4  stm32f10x_rcc.o(.data)
    .data                                    0x2000004a   Section        4  delay.o(.data)
    fac_us                                   0x2000004a   Data           1  delay.o(.data)
    fac_ms                                   0x2000004c   Data           2  delay.o(.data)
    .data                                    0x20000050   Section       10  usart.o(.data)
    .bss                                     0x2000005c   Section      692  dma.o(.bss)
    .bss                                     0x20000310   Section       12  adc.o(.bss)
    .bss                                     0x2000031c   Section       20  can.o(.bss)
    .bss                                     0x20000330   Section       96  libspace.o(.bss)
    HEAP                                     0x20000390   Section      512  startup_stm32f10x_md.o(HEAP)
    Heap_Mem                                 0x20000390   Data         512  startup_stm32f10x_md.o(HEAP)
    STACK                                    0x20000590   Section     1024  startup_stm32f10x_md.o(STACK)
    Stack_Mem                                0x20000590   Data        1024  startup_stm32f10x_md.o(STACK)
    __initial_sp                             0x20000990   Data           0  startup_stm32f10x_md.o(STACK)

    Global Symbols

    Symbol Name                              Value     Ov Type        Size  Object(Section)

    BuildAttributes$$THM_ISAv4$P$D$K$B$S$PE$A:L22UL41UL21$X:L11$S22US41US21$IEEE1$IW$USESV6$~STKCKD$USESV7$~SHL$OTIME$ROPI$IEEEJ$EBA8$UX$STANDARDLIB$REQ8$PRES8$EABIv2 0x00000000   Number         0  anon$$obj.o ABSOLUTE
    __ARM_use_no_argv                        0x00000000   Number         0  main.o ABSOLUTE
    _printf_flags                            0x00000000   Number         0  printf_stubs.o ABSOLUTE
    _printf_return_value                     0x00000000   Number         0  printf_stubs.o ABSOLUTE
    _printf_sizespec                         0x00000000   Number         0  printf_stubs.o ABSOLUTE
    _printf_widthprec                        0x00000000   Number         0  printf_stubs.o ABSOLUTE
    __ARM_exceptions_init                     - Undefined Weak Reference
    __alloca_initialize                       - Undefined Weak Reference
    __arm_preinit_                            - Undefined Weak Reference
    __cpp_initialize__aeabi_                  - Undefined Weak Reference
    __cxa_finalize                            - Undefined Weak Reference
    __sigvec_lookup                           - Undefined Weak Reference
    _atexit_init                              - Undefined Weak Reference
    _call_atexit_fns                          - Undefined Weak Reference
    _clock_init                               - Undefined Weak Reference
    _fp_trap_init                             - Undefined Weak Reference
    _fp_trap_shutdown                         - Undefined Weak Reference
    _get_lc_collate                           - Undefined Weak Reference
    _get_lc_ctype                             - Undefined Weak Reference
    _get_lc_monetary                          - Undefined Weak Reference
    _get_lc_time                              - Undefined Weak Reference
    _getenv_init                              - Undefined Weak Reference
    _handle_redirection                       - Undefined Weak Reference
    _init_alloc                               - Undefined Weak Reference
    _init_user_alloc                          - Undefined Weak Reference
    _initio                                   - Undefined Weak Reference
    _rand_init                                - Undefined Weak Reference
    _signal_finish                            - Undefined Weak Reference
    _signal_init                              - Undefined Weak Reference
    _terminate_alloc                          - Undefined Weak Reference
    _terminate_user_alloc                     - Undefined Weak Reference
    _terminateio                              - Undefined Weak Reference
    __Vectors_Size                           0x000000ec   Number         0  startup_stm32f10x_md.o ABSOLUTE
    __Vectors                                0x08000000   Data           4  startup_stm32f10x_md.o(RESET)
    __Vectors_End                            0x080000ec   Data           0  startup_stm32f10x_md.o(RESET)
    __main                                   0x080000ed   Thumb Code     8  __main.o(!!!main)
    __scatterload                            0x080000f5   Thumb Code     0  __scatter.o(!!!scatter)
    __scatterload_rt2                        0x080000f5   Thumb Code    44  __scatter.o(!!!scatter)
    __scatterload_rt2_thumb_only             0x080000f5   Thumb Code     0  __scatter.o(!!!scatter)
    __scatterload_null                       0x08000103   Thumb Code     0  __scatter.o(!!!scatter)
    __scatterload_copy                       0x08000129   Thumb Code    26  __scatter_copy.o(!!handler_copy)
    __scatterload_zeroinit                   0x08000145   Thumb Code    28  __scatter_zi.o(!!handler_zi)
    _printf_f                                0x08000161   Thumb Code     0  _printf_f.o(.ARM.Collect$$_printf_percent$$00000003)
    _printf_percent                          0x08000161   Thumb Code     0  _printf_percent.o(.ARM.Collect$$_printf_percent$$00000000)
    _printf_percent_end                      0x08000167   Thumb Code     0  _printf_percent_end.o(.ARM.Collect$$_printf_percent$$00000017)
    __rt_lib_init                            0x0800016b   Thumb Code     0  libinit.o(.ARM.Collect$$libinit$$00000000)
    __rt_lib_init_fp_1                       0x0800016d   Thumb Code     0  libinit2.o(.ARM.Collect$$libinit$$00000002)
    __rt_lib_init_heap_1                     0x0800016d   Thumb Code     0  libinit2.o(.ARM.Collect$$libinit$$0000000A)
    __rt_lib_init_lc_common                  0x0800016d   Thumb Code     0  libinit2.o(.ARM.Collect$$libinit$$0000000F)
    __rt_lib_init_preinit_1                  0x0800016d   Thumb Code     0  libinit2.o(.ARM.Collect$$libinit$$00000004)
    __rt_lib_init_rand_1                     0x0800016d   Thumb Code     0  libinit2.o(.ARM.Collect$$libinit$$0000000E)
    __rt_lib_init_user_alloc_1               0x0800016d   Thumb Code     0  libinit2.o(.ARM.Collect$$libinit$$0000000C)
    __rt_lib_init_lc_collate_1               0x08000173   Thumb Code     0  libinit2.o(.ARM.Collect$$libinit$$00000011)
    __rt_lib_init_lc_ctype_1                 0x08000173   Thumb Code     0  libinit2.o(.ARM.Collect$$libinit$$00000013)
    __rt_lib_init_lc_monetary_1              0x08000173   Thumb Code     0  libinit2.o(.ARM.Collect$$libinit$$00000015)
    __rt_lib_init_lc_numeric_2               0x08000173   Thumb Code     0  libinit2.o(.ARM.Collect$$libinit$$00000016)
    __rt_lib_init_alloca_1                   0x0800017d   Thumb Code     0  libinit2.o(.ARM.Collect$$libinit$$0000002E)
    __rt_lib_init_argv_1                     0x0800017d   Thumb Code     0  libinit2.o(.ARM.Collect$$libinit$$0000002C)
    __rt_lib_init_atexit_1                   0x0800017d   Thumb Code     0  libinit2.o(.ARM.Collect$$libinit$$0000001B)
    __rt_lib_init_clock_1                    0x0800017d   Thumb Code     0  libinit2.o(.ARM.Collect$$libinit$$00000021)
    __rt_lib_init_cpp_1                      0x0800017d   Thumb Code     0  libinit2.o(.ARM.Collect$$libinit$$00000032)
    __rt_lib_init_exceptions_1               0x0800017d   Thumb Code     0  libinit2.o(.ARM.Collect$$libinit$$00000030)
    __rt_lib_init_fp_trap_1                  0x0800017d   Thumb Code     0  libinit2.o(.ARM.Collect$$libinit$$0000001F)
    __rt_lib_init_getenv_1                   0x0800017d   Thumb Code     0  libinit2.o(.ARM.Collect$$libinit$$00000023)
    __rt_lib_init_lc_numeric_1               0x0800017d   Thumb Code     0  libinit2.o(.ARM.Collect$$libinit$$00000017)
    __rt_lib_init_lc_time_1                  0x0800017d   Thumb Code     0  libinit2.o(.ARM.Collect$$libinit$$00000019)
    __rt_lib_init_return                     0x0800017d   Thumb Code     0  libinit2.o(.ARM.Collect$$libinit$$00000033)
    __rt_lib_init_signal_1                   0x0800017d   Thumb Code     0  libinit2.o(.ARM.Collect$$libinit$$0000001D)
    __rt_lib_init_stdio_1                    0x0800017d   Thumb Code     0  libinit2.o(.ARM.Collect$$libinit$$00000025)
    __rt_lib_shutdown                        0x0800017f   Thumb Code     0  libshutdown.o(.ARM.Collect$$libshutdown$$00000000)
    __rt_lib_shutdown_fp_trap_1              0x08000181   Thumb Code     0  libshutdown2.o(.ARM.Collect$$libshutdown$$00000006)
    __rt_lib_shutdown_heap_1                 0x08000181   Thumb Code     0  libshutdown2.o(.ARM.Collect$$libshutdown$$0000000E)
    __rt_lib_shutdown_return                 0x08000181   Thumb Code     0  libshutdown2.o(.ARM.Collect$$libshutdown$$0000000F)
    __rt_lib_shutdown_signal_1               0x08000181   Thumb Code     0  libshutdown2.o(.ARM.Collect$$libshutdown$$00000009)
    __rt_lib_shutdown_stdio_1                0x08000181   Thumb Code     0  libshutdown2.o(.ARM.Collect$$libshutdown$$00000003)
    __rt_lib_shutdown_user_alloc_1           0x08000181   Thumb Code     0  libshutdown2.o(.ARM.Collect$$libshutdown$$0000000B)
    __rt_entry                               0x08000183   Thumb Code     0  __rtentry.o(.ARM.Collect$$rtentry$$00000000)
    __rt_entry_presh_1                       0x08000183   Thumb Code     0  __rtentry2.o(.ARM.Collect$$rtentry$$00000002)
    __rt_entry_sh                            0x08000183   Thumb Code     0  __rtentry4.o(.ARM.Collect$$rtentry$$00000004)
    __rt_entry_li                            0x08000189   Thumb Code     0  __rtentry2.o(.ARM.Collect$$rtentry$$0000000A)
    __rt_entry_postsh_1                      0x08000189   Thumb Code     0  __rtentry2.o(.ARM.Collect$$rtentry$$00000009)
    __rt_entry_main                          0x0800018d   Thumb Code     0  __rtentry2.o(.ARM.Collect$$rtentry$$0000000D)
    __rt_entry_postli_1                      0x0800018d   Thumb Code     0  __rtentry2.o(.ARM.Collect$$rtentry$$0000000C)
    __rt_exit                                0x08000195   Thumb Code     0  rtexit.o(.ARM.Collect$$rtexit$$00000000)
    __rt_exit_ls                             0x08000197   Thumb Code     0  rtexit2.o(.ARM.Collect$$rtexit$$00000003)
    __rt_exit_prels_1                        0x08000197   Thumb Code     0  rtexit2.o(.ARM.Collect$$rtexit$$00000002)
    __rt_exit_exit                           0x0800019b   Thumb Code     0  rtexit2.o(.ARM.Collect$$rtexit$$00000004)
    Reset_Handler                            0x080001a1   Thumb Code     8  startup_stm32f10x_md.o(.text)
    SysTick_Handler                          0x080001b9   Thumb Code     2  startup_stm32f10x_md.o(.text)
    ADC1_2_IRQHandler                        0x080001bb   Thumb Code     0  startup_stm32f10x_md.o(.text)
    CAN1_RX1_IRQHandler                      0x080001bb   Thumb Code     0  startup_stm32f10x_md.o(.text)
    CAN1_SCE_IRQHandler                      0x080001bb   Thumb Code     0  startup_stm32f10x_md.o(.text)
    DMA1_Channel2_IRQHandler                 0x080001bb   Thumb Code     0  startup_stm32f10x_md.o(.text)
    DMA1_Channel3_IRQHandler                 0x080001bb   Thumb Code     0  startup_stm32f10x_md.o(.text)
    DMA1_Channel5_IRQHandler                 0x080001bb   Thumb Code     0  startup_stm32f10x_md.o(.text)
    DMA1_Channel6_IRQHandler                 0x080001bb   Thumb Code     0  startup_stm32f10x_md.o(.text)
    EXTI0_IRQHandler                         0x080001bb   Thumb Code     0  startup_stm32f10x_md.o(.text)
    EXTI15_10_IRQHandler                     0x080001bb   Thumb Code     0  startup_stm32f10x_md.o(.text)
    EXTI1_IRQHandler                         0x080001bb   Thumb Code     0  startup_stm32f10x_md.o(.text)
    EXTI2_IRQHandler                         0x080001bb   Thumb Code     0  startup_stm32f10x_md.o(.text)
    EXTI3_IRQHandler                         0x080001bb   Thumb Code     0  startup_stm32f10x_md.o(.text)
    EXTI4_IRQHandler                         0x080001bb   Thumb Code     0  startup_stm32f10x_md.o(.text)
    EXTI9_5_IRQHandler                       0x080001bb   Thumb Code     0  startup_stm32f10x_md.o(.text)
    FLASH_IRQHandler                         0x080001bb   Thumb Code     0  startup_stm32f10x_md.o(.text)
    I2C1_ER_IRQHandler                       0x080001bb   Thumb Code     0  startup_stm32f10x_md.o(.text)
    I2C1_EV_IRQHandler                       0x080001bb   Thumb Code     0  startup_stm32f10x_md.o(.text)
    I2C2_ER_IRQHandler                       0x080001bb   Thumb Code     0  startup_stm32f10x_md.o(.text)
    I2C2_EV_IRQHandler                       0x080001bb   Thumb Code     0  startup_stm32f10x_md.o(.text)
    PVD_IRQHandler                           0x080001bb   Thumb Code     0  startup_stm32f10x_md.o(.text)
    RCC_IRQHandler                           0x080001bb   Thumb Code     0  startup_stm32f10x_md.o(.text)
    RTCAlarm_IRQHandler                      0x080001bb   Thumb Code     0  startup_stm32f10x_md.o(.text)
    RTC_IRQHandler                           0x080001bb   Thumb Code     0  startup_stm32f10x_md.o(.text)
    SPI1_IRQHandler                          0x080001bb   Thumb Code     0  startup_stm32f10x_md.o(.text)
    SPI2_IRQHandler                          0x080001bb   Thumb Code     0  startup_stm32f10x_md.o(.text)
    TAMPER_IRQHandler                        0x080001bb   Thumb Code     0  startup_stm32f10x_md.o(.text)
    TIM1_BRK_IRQHandler                      0x080001bb   Thumb Code     0  startup_stm32f10x_md.o(.text)
    TIM1_CC_IRQHandler                       0x080001bb   Thumb Code     0  startup_stm32f10x_md.o(.text)
    TIM1_TRG_COM_IRQHandler                  0x080001bb   Thumb Code     0  startup_stm32f10x_md.o(.text)
    TIM1_UP_IRQHandler                       0x080001bb   Thumb Code     0  startup_stm32f10x_md.o(.text)
    TIM2_IRQHandler                          0x080001bb   Thumb Code     0  startup_stm32f10x_md.o(.text)
    TIM3_IRQHandler                          0x080001bb   Thumb Code     0  startup_stm32f10x_md.o(.text)
    TIM4_IRQHandler                          0x080001bb   Thumb Code     0  startup_stm32f10x_md.o(.text)
    USART3_IRQHandler                        0x080001bb   Thumb Code     0  startup_stm32f10x_md.o(.text)
    USBWakeUp_IRQHandler                     0x080001bb   Thumb Code     0  startup_stm32f10x_md.o(.text)
    USB_HP_CAN1_TX_IRQHandler                0x080001bb   Thumb Code     0  startup_stm32f10x_md.o(.text)
    WWDG_IRQHandler                          0x080001bb   Thumb Code     0  startup_stm32f10x_md.o(.text)
    __user_initial_stackheap                 0x080001bd   Thumb Code     0  startup_stm32f10x_md.o(.text)
    __use_no_semihosting                     0x080001e1   Thumb Code     2  use_no_semi_2.o(.text)
    __2sprintf                               0x080001e5   Thumb Code    34  noretval__2sprintf.o(.text)
    _printf_pre_padding                      0x0800020d   Thumb Code    44  _printf_pad.o(.text)
    _printf_post_padding                     0x08000239   Thumb Code    34  _printf_pad.o(.text)
    __printf                                 0x0800025b   Thumb Code   270  __printf_wp.o(.text)
    __use_two_region_memory                  0x08000369   Thumb Code     2  heapauxi.o(.text)
    __rt_heap_escrow$2region                 0x0800036b   Thumb Code     2  heapauxi.o(.text)
    __rt_heap_expand$2region                 0x0800036d   Thumb Code     2  heapauxi.o(.text)
    __I$use$semihosting                      0x0800036f   Thumb Code     0  use_no_semi.o(.text)
    __use_no_semihosting_swi                 0x0800036f   Thumb Code     2  use_no_semi.o(.text)
    __lib_sel_fp_printf                      0x08000371   Thumb Code     2  _printf_fp_dec.o(.text)
    _printf_fp_dec_real                      0x0800051f   Thumb Code   620  _printf_fp_dec.o(.text)
    _printf_char_common                      0x08000797   Thumb Code    32  _printf_char_common.o(.text)
    _sputc                                   0x080007bd   Thumb Code    10  _sputc.o(.text)
    __rt_locale                              0x080007c9   Thumb Code     8  rt_locale_intlibspace.o(.text)
    _ll_udiv10                               0x080007d1   Thumb Code   138  lludiv10.o(.text)
    _printf_fp_infnan                        0x0800085d   Thumb Code   112  _printf_fp_infnan.o(.text)
    _btod_etento                             0x080008dd   Thumb Code   216  bigflt0.o(.text)
    __user_libspace                          0x080009b9   Thumb Code     8  libspace.o(.text)
    __user_perproc_libspace                  0x080009b9   Thumb Code     0  libspace.o(.text)
    __user_perthread_libspace                0x080009b9   Thumb Code     0  libspace.o(.text)
    __user_setup_stackheap                   0x080009c1   Thumb Code    74  sys_stackheap_outer.o(.text)
    exit                                     0x08000a0b   Thumb Code    12  exit.o(.text)
    strcmp                                   0x08000a19   Thumb Code   128  strcmpv7m.o(.text)
    _btod_d2e                                0x08000a99   Thumb Code    62  btod.o(CL$$btod_d2e)
    _d2e_denorm_low                          0x08000ad7   Thumb Code    70  btod.o(CL$$btod_d2e_denorm_low)
    _d2e_norm_op1                            0x08000b1d   Thumb Code    96  btod.o(CL$$btod_d2e_norm_op1)
    __btod_div_common                        0x08000b7d   Thumb Code   696  btod.o(CL$$btod_div_common)
    _e2e                                     0x08000eb5   Thumb Code   198  btod.o(CL$$btod_e2e)
    _btod_ediv                               0x08000f7b   Thumb Code    40  btod.o(CL$$btod_ediv)
    _btod_emul                               0x08000fa3   Thumb Code    40  btod.o(CL$$btod_emul)
    __btod_mult_common                       0x08000fcb   Thumb Code   580  btod.o(CL$$btod_mult_common)
    ADC1_Configuration                       0x08001211   Thumb Code   200  adc.o(i.ADC1_Configuration)
    ADC_Cmd                                  0x080012e1   Thumb Code    22  stm32f10x_adc.o(i.ADC_Cmd)
    ADC_DMACmd                               0x080012f7   Thumb Code    22  stm32f10x_adc.o(i.ADC_DMACmd)
    ADC_DeInit                               0x0800130d   Thumb Code    78  stm32f10x_adc.o(i.ADC_DeInit)
    ADC_GetCalibrationStatus                 0x08001369   Thumb Code    20  stm32f10x_adc.o(i.ADC_GetCalibrationStatus)
    ADC_GetResetCalibrationStatus            0x0800137d   Thumb Code    20  stm32f10x_adc.o(i.ADC_GetResetCalibrationStatus)
    ADC_Init                                 0x08001391   Thumb Code    70  stm32f10x_adc.o(i.ADC_Init)
    ADC_RegularChannelConfig                 0x080013e1   Thumb Code   184  stm32f10x_adc.o(i.ADC_RegularChannelConfig)
    ADC_ResetCalibration                     0x08001499   Thumb Code    10  stm32f10x_adc.o(i.ADC_ResetCalibration)
    ADC_SoftwareStartConvCmd                 0x080014a3   Thumb Code    22  stm32f10x_adc.o(i.ADC_SoftwareStartConvCmd)
    ADC_StartCalibration                     0x080014b9   Thumb Code    10  stm32f10x_adc.o(i.ADC_StartCalibration)
    ADC_TempSensorVrefintCmd                 0x080014c5   Thumb Code    30  stm32f10x_adc.o(i.ADC_TempSensorVrefintCmd)
    BusFault_Handler                         0x080014e9   Thumb Code     4  stm32f10x_it.o(i.BusFault_Handler)
    CAN_DeInit                               0x080014ed   Thumb Code    50  stm32f10x_can.o(i.CAN_DeInit)
    CAN_FilterInit                           0x08001525   Thumb Code   258  stm32f10x_can.o(i.CAN_FilterInit)
    CAN_ITConfig                             0x0800162d   Thumb Code    18  stm32f10x_can.o(i.CAN_ITConfig)
    CAN_Init                                 0x0800163f   Thumb Code   276  stm32f10x_can.o(i.CAN_Init)
    CAN_Mode_Init                            0x08001755   Thumb Code   260  can.o(i.CAN_Mode_Init)
    CAN_Receive                              0x08001861   Thumb Code   240  stm32f10x_can.o(i.CAN_Receive)
    CAN_StructInit                           0x08001951   Thumb Code    32  stm32f10x_can.o(i.CAN_StructInit)
    CAN_Transmit                             0x08001971   Thumb Code   294  stm32f10x_can.o(i.CAN_Transmit)
    CAN_TransmitStatus                       0x08001a99   Thumb Code   138  stm32f10x_can.o(i.CAN_TransmitStatus)
    Can_Send_Msg                             0x08001b39   Thumb Code   106  can.o(i.Can_Send_Msg)
    DMA1_Channel1_IRQHandler                 0x08001ba9   Thumb Code    22  adc.o(i.DMA1_Channel1_IRQHandler)
    DMA1_Channel4_IRQHandler                 0x08001bc1   Thumb Code    30  dma.o(i.DMA1_Channel4_IRQHandler)
    DMA1_Channel7_IRQHandler                 0x08001be5   Thumb Code    30  dma.o(i.DMA1_Channel7_IRQHandler)
    DMA_ADC_Configuration                    0x08001c09   Thumb Code    84  dma.o(i.DMA_ADC_Configuration)
    DMA_ClearITPendingBit                    0x08001c69   Thumb Code    18  stm32f10x_dma.o(i.DMA_ClearITPendingBit)
    DMA_Cmd                                  0x08001c85   Thumb Code    24  stm32f10x_dma.o(i.DMA_Cmd)
    DMA_DeInit                               0x08001c9d   Thumb Code   324  stm32f10x_dma.o(i.DMA_DeInit)
    DMA_GetCurrDataCounter                   0x08001de9   Thumb Code     8  stm32f10x_dma.o(i.DMA_GetCurrDataCounter)
    DMA_GetITStatus                          0x08001df1   Thumb Code    36  stm32f10x_dma.o(i.DMA_GetITStatus)
    DMA_ITConfig                             0x08001e1d   Thumb Code    18  stm32f10x_dma.o(i.DMA_ITConfig)
    DMA_Init                                 0x08001e2f   Thumb Code    60  stm32f10x_dma.o(i.DMA_Init)
    DMA_USART1_Configuration                 0x08001e6d   Thumb Code   186  dma.o(i.DMA_USART1_Configuration)
    DMA_USART2_Configuration                 0x08001f39   Thumb Code   184  dma.o(i.DMA_USART2_Configuration)
    DebugMon_Handler                         0x08002001   Thumb Code     2  stm32f10x_it.o(i.DebugMon_Handler)
    GPIO_Init                                0x08002003   Thumb Code   278  stm32f10x_gpio.o(i.GPIO_Init)
    GPIO_PinRemapConfig                      0x08002119   Thumb Code   138  stm32f10x_gpio.o(i.GPIO_PinRemapConfig)
    GPIO_SetBits                             0x080021a9   Thumb Code     4  stm32f10x_gpio.o(i.GPIO_SetBits)
    HardFault_Handler                        0x080021ad   Thumb Code     4  stm32f10x_it.o(i.HardFault_Handler)
    IWDG_Enable                              0x080021b1   Thumb Code    10  stm32f10x_iwdg.o(i.IWDG_Enable)
    IWDG_Feed                                0x080021c1   Thumb Code     8  wdg.o(i.IWDG_Feed)
    IWDG_Init                                0x080021c9   Thumb Code    36  wdg.o(i.IWDG_Init)
    IWDG_ReloadCounter                       0x080021ed   Thumb Code    10  stm32f10x_iwdg.o(i.IWDG_ReloadCounter)
    IWDG_SetPrescaler                        0x080021fd   Thumb Code     6  stm32f10x_iwdg.o(i.IWDG_SetPrescaler)
    IWDG_SetReload                           0x08002209   Thumb Code     6  stm32f10x_iwdg.o(i.IWDG_SetReload)
    IWDG_WriteAccessCmd                      0x08002215   Thumb Code     6  stm32f10x_iwdg.o(i.IWDG_WriteAccessCmd)
    Init_LEDpin                              0x08002221   Thumb Code   196  led.o(i.Init_LEDpin)
    MemManage_Handler                        0x080022f5   Thumb Code     4  stm32f10x_it.o(i.MemManage_Handler)
    NMI_Handler                              0x080022f9   Thumb Code     2  stm32f10x_it.o(i.NMI_Handler)
    NVIC_Configuration                       0x080022fb   Thumb Code   100  sys.o(i.NVIC_Configuration)
    NVIC_Init                                0x08002361   Thumb Code   100  misc.o(i.NVIC_Init)
    NVIC_PriorityGroupConfig                 0x080023d1   Thumb Code    10  misc.o(i.NVIC_PriorityGroupConfig)
    PendSV_Handler                           0x080023e5   Thumb Code     2  stm32f10x_it.o(i.PendSV_Handler)
    RCC_ADCCLKConfig                         0x080023e9   Thumb Code    18  stm32f10x_rcc.o(i.RCC_ADCCLKConfig)
    RCC_AHBPeriphClockCmd                    0x08002401   Thumb Code    26  stm32f10x_rcc.o(i.RCC_AHBPeriphClockCmd)
    RCC_APB1PeriphClockCmd                   0x08002421   Thumb Code    26  stm32f10x_rcc.o(i.RCC_APB1PeriphClockCmd)
    RCC_APB1PeriphResetCmd                   0x08002441   Thumb Code    26  stm32f10x_rcc.o(i.RCC_APB1PeriphResetCmd)
    RCC_APB2PeriphClockCmd                   0x08002461   Thumb Code    26  stm32f10x_rcc.o(i.RCC_APB2PeriphClockCmd)
    RCC_APB2PeriphResetCmd                   0x08002481   Thumb Code    26  stm32f10x_rcc.o(i.RCC_APB2PeriphResetCmd)
    RCC_GetClocksFreq                        0x080024a1   Thumb Code   192  stm32f10x_rcc.o(i.RCC_GetClocksFreq)
    SVC_Handler                              0x08002575   Thumb Code     2  stm32f10x_it.o(i.SVC_Handler)
    SysTick_CLKSourceConfig                  0x08002661   Thumb Code    40  misc.o(i.SysTick_CLKSourceConfig)
    SystemInit                               0x08002689   Thumb Code    78  system_stm32f10x.o(i.SystemInit)
    USART1_IRQHandler                        0x080026e9   Thumb Code    70  usart.o(i.USART1_IRQHandler)
    USART2_IRQHandler                        0x0800273d   Thumb Code    70  usart.o(i.USART2_IRQHandler)
    USART_Cmd                                0x08002791   Thumb Code    24  stm32f10x_usart.o(i.USART_Cmd)
    USART_DMACmd                             0x080027a9   Thumb Code    18  stm32f10x_usart.o(i.USART_DMACmd)
    USART_GetITStatus                        0x080027bb   Thumb Code    84  stm32f10x_usart.o(i.USART_GetITStatus)
    USART_ITConfig                           0x0800280f   Thumb Code    74  stm32f10x_usart.o(i.USART_ITConfig)
    USART_Init                               0x08002859   Thumb Code   210  stm32f10x_usart.o(i.USART_Init)
    USB_LP_CAN1_RX0_IRQHandler               0x08002931   Thumb Code    62  can.o(i.USB_LP_CAN1_RX0_IRQHandler)
    UsageFault_Handler                       0x0800297d   Thumb Code     4  stm32f10x_it.o(i.UsageFault_Handler)
    __ARM_fpclassify                         0x08002981   Thumb Code    40  fpclassify.o(i.__ARM_fpclassify)
    _is_digit                                0x080029a9   Thumb Code    14  __printf_wp.o(i._is_digit)
    _sys_exit                                0x080029b7   Thumb Code     6  usart.o(i._sys_exit)
    delay_init                               0x080029bd   Thumb Code    50  delay.o(i.delay_init)
    delay_ms                                 0x08002a01   Thumb Code    72  delay.o(i.delay_ms)
    filter                                   0x08002a4d   Thumb Code    70  adc.o(i.filter)
    main                                     0x08002a9d   Thumb Code   122  main.o(i.main)
    send                                     0x08002b25   Thumb Code    32  can.o(i.send)
    uart1_init                               0x08002b4d   Thumb Code   176  usart.o(i.uart1_init)
    uart2_init                               0x08002c05   Thumb Code   160  usart.o(i.uart2_init)
    yaokong_fenxi                            0x08002cad   Thumb Code  1632  main.o(i.yaokong_fenxi)
    _get_lc_numeric                          0x08003331   Thumb Code    44  lc_numeric_c.o(locale$$code)
    __aeabi_d2f                              0x0800335d   Thumb Code     0  d2f.o(x$fpl$d2f)
    _d2f                                     0x0800335d   Thumb Code    98  d2f.o(x$fpl$d2f)
    __aeabi_dadd                             0x080033c1   Thumb Code     0  daddsub_clz.o(x$fpl$dadd)
    _dadd                                    0x080033c1   Thumb Code   332  daddsub_clz.o(x$fpl$dadd)
    __aeabi_ddiv                             0x08003511   Thumb Code     0  ddiv.o(x$fpl$ddiv)
    _ddiv                                    0x08003511   Thumb Code   552  ddiv.o(x$fpl$ddiv)
    __aeabi_d2uiz                            0x080037c1   Thumb Code     0  dfixu.o(x$fpl$dfixu)
    _dfixu                                   0x080037c1   Thumb Code    90  dfixu.o(x$fpl$dfixu)
    __aeabi_dmul                             0x0800381d   Thumb Code     0  dmul.o(x$fpl$dmul)
    _dmul                                    0x0800381d   Thumb Code   332  dmul.o(x$fpl$dmul)
    __fpl_dnaninf                            0x08003971   Thumb Code   156  dnaninf.o(x$fpl$dnaninf)
    __fpl_dretinf                            0x08003a0d   Thumb Code    12  dretinf.o(x$fpl$dretinf)
    __aeabi_drsub                            0x08003a19   Thumb Code     0  daddsub_clz.o(x$fpl$drsb)
    _drsb                                    0x08003a19   Thumb Code    22  daddsub_clz.o(x$fpl$drsb)
    __aeabi_dsub                             0x08003a31   Thumb Code     0  daddsub_clz.o(x$fpl$dsub)
    _dsub                                    0x08003a31   Thumb Code   464  daddsub_clz.o(x$fpl$dsub)
    __aeabi_f2d                              0x08003c05   Thumb Code     0  f2d.o(x$fpl$f2d)
    _f2d                                     0x08003c05   Thumb Code    86  f2d.o(x$fpl$f2d)
    __aeabi_fadd                             0x08003c5d   Thumb Code     0  faddsub_clz.o(x$fpl$fadd)
    _fadd                                    0x08003c5d   Thumb Code   196  faddsub_clz.o(x$fpl$fadd)
    __fpl_fcmp_Inf                           0x08003d21   Thumb Code    24  fcmpi.o(x$fpl$fcmpinf)
    __aeabi_fdiv                             0x08003d39   Thumb Code     0  fdiv.o(x$fpl$fdiv)
    _fdiv                                    0x08003d39   Thumb Code   384  fdiv.o(x$fpl$fdiv)
    __aeabi_cfcmpeq                          0x08003ebd   Thumb Code     0  feqf.o(x$fpl$feqf)
    _fcmpeq                                  0x08003ebd   Thumb Code   104  feqf.o(x$fpl$feqf)
    __aeabi_f2uiz                            0x08003f25   Thumb Code     0  ffixu.o(x$fpl$ffixu)
    _ffixu                                   0x08003f25   Thumb Code    62  ffixu.o(x$fpl$ffixu)
    __aeabi_i2f                              0x08003f65   Thumb Code     0  fflt_clz.o(x$fpl$fflt)
    _fflt                                    0x08003f65   Thumb Code    48  fflt_clz.o(x$fpl$fflt)
    __aeabi_cfcmple                          0x08003f95   Thumb Code     0  fleqf.o(x$fpl$fleqf)
    _fcmple                                  0x08003f95   Thumb Code   104  fleqf.o(x$fpl$fleqf)
    __fpl_fcmple_InfNaN                      0x08003fe7   Thumb Code     0  fleqf.o(x$fpl$fleqf)
    __aeabi_fmul                             0x08003ffd   Thumb Code     0  fmul.o(x$fpl$fmul)
    _fmul                                    0x08003ffd   Thumb Code   258  fmul.o(x$fpl$fmul)
    __fpl_fnaninf                            0x080040ff   Thumb Code   140  fnaninf.o(x$fpl$fnaninf)
    __fpl_fretinf                            0x0800418b   Thumb Code    10  fretinf.o(x$fpl$fretinf)
    __aeabi_cfrcmple                         0x08004195   Thumb Code     0  frleqf.o(x$fpl$frleqf)
    _frcmple                                 0x08004195   Thumb Code    98  frleqf.o(x$fpl$frleqf)
    __aeabi_fsub                             0x080041f9   Thumb Code     0  faddsub_clz.o(x$fpl$fsub)
    _fsub                                    0x080041f9   Thumb Code   234  faddsub_clz.o(x$fpl$fsub)
    _printf_fp_dec                           0x080042e3   Thumb Code     4  printf1.o(x$fpl$printf1)
    __I$use$fp                               0x080042e6   Number         0  usenofp.o(x$fpl$usenofp)
    Region$$Table$$Base                      0x0800437c   Number         0  anon$$obj.o(Region$$Table)
    Region$$Table$$Limit                     0x0800439c   Number         0  anon$$obj.o(Region$$Table)
    adc_x                                    0x20000000   Data           4  main.o(.data)
    adc_y                                    0x20000004   Data           4  main.o(.data)
    adc_z                                    0x20000008   Data           4  main.o(.data)
    flagX                                    0x2000000c   Data           4  main.o(.data)
    flagY                                    0x20000010   Data           4  main.o(.data)
    flagZ                                    0x20000014   Data           4  main.o(.data)
    anjian_temp                              0x20000018   Data           2  main.o(.data)
    SystemCoreClock                          0x2000001c   Data           4  system_stm32f10x.o(.data)
    AHBPrescTable                            0x20000020   Data          16  system_stm32f10x.o(.data)
    canref                                   0x20000030   Data           2  can.o(.data)
    cansend                                  0x20000032   Data           4  can.o(.data)
    __stdout                                 0x20000050   Data           4  usart.o(.data)
    USART_RX_STA                             0x20000054   Data           2  usart.o(.data)
    USART1_Length                            0x20000056   Data           2  usart.o(.data)
    USART2_Length                            0x20000058   Data           2  usart.o(.data)
    Uart1_Rx                                 0x2000005c   Data         128  dma.o(.bss)
    Uart2_Rx                                 0x200000dc   Data         128  dma.o(.bss)
    Uart1_Send                               0x2000015c   Data         128  dma.o(.bss)
    Uart2_Send                               0x200001dc   Data         128  dma.o(.bss)
    AD_Value                                 0x2000025c   Data         180  dma.o(.bss)
    After_filter                             0x20000310   Data          12  adc.o(.bss)
    RxMessage                                0x2000031c   Data          20  can.o(.bss)
    __libspace_start                         0x20000330   Data          96  libspace.o(.bss)
    __temporary_stack_top$libspace           0x20000390   Data           0  libspace.o(.bss)



==============================================================================

Memory Map of the image

  Image Entry point : 0x080000ed

  Load Region LR_IROM1 (Base: 0x08000000, Size: 0x00004414, Max: 0x00010000, ABSOLUTE)

    Execution Region ER_IROM1 (Base: 0x08000000, Size: 0x000043b8, Max: 0x00010000, ABSOLUTE)

    Base Addr    Size         Type   Attr      Idx    E Section Name        Object

    0x08000000   0x000000ec   Data   RO          444    RESET               startup_stm32f10x_md.o
    0x080000ec   0x00000008   Code   RO         1598  * !!!main             c_w.l(__main.o)
    0x080000f4   0x00000034   Code   RO         1865    !!!scatter          c_w.l(__scatter.o)
    0x08000128   0x0000001a   Code   RO         1867    !!handler_copy      c_w.l(__scatter_copy.o)
    0x08000142   0x00000002   PAD
    0x08000144   0x0000001c   Code   RO         1869    !!handler_zi        c_w.l(__scatter_zi.o)
    0x08000160   0x00000000   Code   RO         1595    .ARM.Collect$$_printf_percent$$00000000  c_w.l(_printf_percent.o)
    0x08000160   0x00000006   Code   RO         1594    .ARM.Collect$$_printf_percent$$00000003  c_w.l(_printf_f.o)
    0x08000166   0x00000004   Code   RO         1659    .ARM.Collect$$_printf_percent$$00000017  c_w.l(_printf_percent_end.o)
    0x0800016a   0x00000002   Code   RO         1743    .ARM.Collect$$libinit$$00000000  c_w.l(libinit.o)
    0x0800016c   0x00000000   Code   RO         1745    .ARM.Collect$$libinit$$00000002  c_w.l(libinit2.o)
    0x0800016c   0x00000000   Code   RO         1747    .ARM.Collect$$libinit$$00000004  c_w.l(libinit2.o)
    0x0800016c   0x00000000   Code   RO         1750    .ARM.Collect$$libinit$$0000000A  c_w.l(libinit2.o)
    0x0800016c   0x00000000   Code   RO         1752    .ARM.Collect$$libinit$$0000000C  c_w.l(libinit2.o)
    0x0800016c   0x00000000   Code   RO         1754    .ARM.Collect$$libinit$$0000000E  c_w.l(libinit2.o)
    0x0800016c   0x00000006   Code   RO         1755    .ARM.Collect$$libinit$$0000000F  c_w.l(libinit2.o)
    0x08000172   0x00000000   Code   RO         1757    .ARM.Collect$$libinit$$00000011  c_w.l(libinit2.o)
    0x08000172   0x00000000   Code   RO         1759    .ARM.Collect$$libinit$$00000013  c_w.l(libinit2.o)
    0x08000172   0x00000000   Code   RO         1761    .ARM.Collect$$libinit$$00000015  c_w.l(libinit2.o)
    0x08000172   0x0000000a   Code   RO         1762    .ARM.Collect$$libinit$$00000016  c_w.l(libinit2.o)
    0x0800017c   0x00000000   Code   RO         1763    .ARM.Collect$$libinit$$00000017  c_w.l(libinit2.o)
    0x0800017c   0x00000000   Code   RO         1765    .ARM.Collect$$libinit$$00000019  c_w.l(libinit2.o)
    0x0800017c   0x00000000   Code   RO         1767    .ARM.Collect$$libinit$$0000001B  c_w.l(libinit2.o)
    0x0800017c   0x00000000   Code   RO         1769    .ARM.Collect$$libinit$$0000001D  c_w.l(libinit2.o)
    0x0800017c   0x00000000   Code   RO         1771    .ARM.Collect$$libinit$$0000001F  c_w.l(libinit2.o)
    0x0800017c   0x00000000   Code   RO         1773    .ARM.Collect$$libinit$$00000021  c_w.l(libinit2.o)
    0x0800017c   0x00000000   Code   RO         1775    .ARM.Collect$$libinit$$00000023  c_w.l(libinit2.o)
    0x0800017c   0x00000000   Code   RO         1777    .ARM.Collect$$libinit$$00000025  c_w.l(libinit2.o)
    0x0800017c   0x00000000   Code   RO         1781    .ARM.Collect$$libinit$$0000002C  c_w.l(libinit2.o)
    0x0800017c   0x00000000   Code   RO         1783    .ARM.Collect$$libinit$$0000002E  c_w.l(libinit2.o)
    0x0800017c   0x00000000   Code   RO         1785    .ARM.Collect$$libinit$$00000030  c_w.l(libinit2.o)
    0x0800017c   0x00000000   Code   RO         1787    .ARM.Collect$$libinit$$00000032  c_w.l(libinit2.o)
    0x0800017c   0x00000002   Code   RO         1788    .ARM.Collect$$libinit$$00000033  c_w.l(libinit2.o)
    0x0800017e   0x00000002   Code   RO         1816    .ARM.Collect$$libshutdown$$00000000  c_w.l(libshutdown.o)
    0x08000180   0x00000000   Code   RO         1826    .ARM.Collect$$libshutdown$$00000003  c_w.l(libshutdown2.o)
    0x08000180   0x00000000   Code   RO         1829    .ARM.Collect$$libshutdown$$00000006  c_w.l(libshutdown2.o)
    0x08000180   0x00000000   Code   RO         1832    .ARM.Collect$$libshutdown$$00000009  c_w.l(libshutdown2.o)
    0x08000180   0x00000000   Code   RO         1834    .ARM.Collect$$libshutdown$$0000000B  c_w.l(libshutdown2.o)
    0x08000180   0x00000000   Code   RO         1837    .ARM.Collect$$libshutdown$$0000000E  c_w.l(libshutdown2.o)
    0x08000180   0x00000002   Code   RO         1838    .ARM.Collect$$libshutdown$$0000000F  c_w.l(libshutdown2.o)
    0x08000182   0x00000000   Code   RO         1652    .ARM.Collect$$rtentry$$00000000  c_w.l(__rtentry.o)
    0x08000182   0x00000000   Code   RO         1672    .ARM.Collect$$rtentry$$00000002  c_w.l(__rtentry2.o)
    0x08000182   0x00000006   Code   RO         1684    .ARM.Collect$$rtentry$$00000004  c_w.l(__rtentry4.o)
    0x08000188   0x00000000   Code   RO         1674    .ARM.Collect$$rtentry$$00000009  c_w.l(__rtentry2.o)
    0x08000188   0x00000004   Code   RO         1675    .ARM.Collect$$rtentry$$0000000A  c_w.l(__rtentry2.o)
    0x0800018c   0x00000000   Code   RO         1677    .ARM.Collect$$rtentry$$0000000C  c_w.l(__rtentry2.o)
    0x0800018c   0x00000008   Code   RO         1678    .ARM.Collect$$rtentry$$0000000D  c_w.l(__rtentry2.o)
    0x08000194   0x00000002   Code   RO         1789    .ARM.Collect$$rtexit$$00000000  c_w.l(rtexit.o)
    0x08000196   0x00000000   Code   RO         1796    .ARM.Collect$$rtexit$$00000002  c_w.l(rtexit2.o)
    0x08000196   0x00000004   Code   RO         1797    .ARM.Collect$$rtexit$$00000003  c_w.l(rtexit2.o)
    0x0800019a   0x00000006   Code   RO         1798    .ARM.Collect$$rtexit$$00000004  c_w.l(rtexit2.o)
    0x080001a0   0x00000040   Code   RO          445    .text               startup_stm32f10x_md.o
    0x080001e0   0x00000002   Code   RO         1564    .text               c_w.l(use_no_semi_2.o)
    0x080001e2   0x00000002   PAD
    0x080001e4   0x00000028   Code   RO         1568    .text               c_w.l(noretval__2sprintf.o)
    0x0800020c   0x0000004e   Code   RO         1572    .text               c_w.l(_printf_pad.o)
    0x0800025a   0x0000010e   Code   RO         1582    .text               c_w.l(__printf_wp.o)
    0x08000368   0x00000006   Code   RO         1596    .text               c_w.l(heapauxi.o)
    0x0800036e   0x00000002   Code   RO         1650    .text               c_w.l(use_no_semi.o)
    0x08000370   0x0000041a   Code   RO         1653    .text               c_w.l(_printf_fp_dec.o)
    0x0800078a   0x00000002   PAD
    0x0800078c   0x00000030   Code   RO         1655    .text               c_w.l(_printf_char_common.o)
    0x080007bc   0x0000000a   Code   RO         1657    .text               c_w.l(_sputc.o)
    0x080007c6   0x00000002   PAD
    0x080007c8   0x00000008   Code   RO         1689    .text               c_w.l(rt_locale_intlibspace.o)
    0x080007d0   0x0000008a   Code   RO         1691    .text               c_w.l(lludiv10.o)
    0x0800085a   0x00000002   PAD
    0x0800085c   0x00000080   Code   RO         1693    .text               c_w.l(_printf_fp_infnan.o)
    0x080008dc   0x000000dc   Code   RO         1697    .text               c_w.l(bigflt0.o)
    0x080009b8   0x00000008   Code   RO         1729    .text               c_w.l(libspace.o)
    0x080009c0   0x0000004a   Code   RO         1732    .text               c_w.l(sys_stackheap_outer.o)
    0x08000a0a   0x0000000c   Code   RO         1734    .text               c_w.l(exit.o)
    0x08000a16   0x00000002   PAD
    0x08000a18   0x00000080   Code   RO         1736    .text               c_w.l(strcmpv7m.o)
    0x08000a98   0x0000003e   Code   RO         1700    CL$$btod_d2e        c_w.l(btod.o)
    0x08000ad6   0x00000046   Code   RO         1702    CL$$btod_d2e_denorm_low  c_w.l(btod.o)
    0x08000b1c   0x00000060   Code   RO         1701    CL$$btod_d2e_norm_op1  c_w.l(btod.o)
    0x08000b7c   0x00000338   Code   RO         1710    CL$$btod_div_common  c_w.l(btod.o)
    0x08000eb4   0x000000c6   Code   RO         1707    CL$$btod_e2e        c_w.l(btod.o)
    0x08000f7a   0x00000028   Code   RO         1704    CL$$btod_ediv       c_w.l(btod.o)
    0x08000fa2   0x00000028   Code   RO         1703    CL$$btod_emul       c_w.l(btod.o)
    0x08000fca   0x00000244   Code   RO         1709    CL$$btod_mult_common  c_w.l(btod.o)
    0x0800120e   0x00000002   PAD
    0x08001210   0x000000d0   Code   RO          332    i.ADC1_Configuration  adc.o
    0x080012e0   0x00000016   Code   RO         1057    i.ADC_Cmd           stm32f10x_adc.o
    0x080012f6   0x00000016   Code   RO         1058    i.ADC_DMACmd        stm32f10x_adc.o
    0x0800130c   0x0000005c   Code   RO         1059    i.ADC_DeInit        stm32f10x_adc.o
    0x08001368   0x00000014   Code   RO         1065    i.ADC_GetCalibrationStatus  stm32f10x_adc.o
    0x0800137c   0x00000014   Code   RO         1071    i.ADC_GetResetCalibrationStatus  stm32f10x_adc.o
    0x08001390   0x00000050   Code   RO         1075    i.ADC_Init          stm32f10x_adc.o
    0x080013e0   0x000000b8   Code   RO         1079    i.ADC_RegularChannelConfig  stm32f10x_adc.o
    0x08001498   0x0000000a   Code   RO         1080    i.ADC_ResetCalibration  stm32f10x_adc.o
    0x080014a2   0x00000016   Code   RO         1082    i.ADC_SoftwareStartConvCmd  stm32f10x_adc.o
    0x080014b8   0x0000000a   Code   RO         1084    i.ADC_StartCalibration  stm32f10x_adc.o
    0x080014c2   0x00000002   PAD
    0x080014c4   0x00000024   Code   RO         1086    i.ADC_TempSensorVrefintCmd  stm32f10x_adc.o
    0x080014e8   0x00000004   Code   RO          149    i.BusFault_Handler  stm32f10x_it.o
    0x080014ec   0x00000038   Code   RO         1277    i.CAN_DeInit        stm32f10x_can.o
    0x08001524   0x00000108   Code   RO         1279    i.CAN_FilterInit    stm32f10x_can.o
    0x0800162c   0x00000012   Code   RO         1285    i.CAN_ITConfig      stm32f10x_can.o
    0x0800163e   0x00000114   Code   RO         1286    i.CAN_Init          stm32f10x_can.o
    0x08001752   0x00000002   PAD
    0x08001754   0x0000010c   Code   RO          366    i.CAN_Mode_Init     can.o
    0x08001860   0x000000f0   Code   RO         1289    i.CAN_Receive       stm32f10x_can.o
    0x08001950   0x00000020   Code   RO         1292    i.CAN_StructInit    stm32f10x_can.o
    0x08001970   0x00000126   Code   RO         1294    i.CAN_Transmit      stm32f10x_can.o
    0x08001a96   0x00000002   PAD
    0x08001a98   0x000000a0   Code   RO         1295    i.CAN_TransmitStatus  stm32f10x_can.o
    0x08001b38   0x00000070   Code   RO          368    i.Can_Send_Msg      can.o
    0x08001ba8   0x00000016   Code   RO          333    i.DMA1_Channel1_IRQHandler  adc.o
    0x08001bbe   0x00000002   PAD
    0x08001bc0   0x00000024   Code   RO          278    i.DMA1_Channel4_IRQHandler  dma.o
    0x08001be4   0x00000024   Code   RO          279    i.DMA1_Channel7_IRQHandler  dma.o
    0x08001c08   0x00000060   Code   RO          280    i.DMA_ADC_Configuration  dma.o
    0x08001c68   0x0000001c   Code   RO          980    i.DMA_ClearITPendingBit  stm32f10x_dma.o
    0x08001c84   0x00000018   Code   RO          981    i.DMA_Cmd           stm32f10x_dma.o
    0x08001c9c   0x0000014c   Code   RO          982    i.DMA_DeInit        stm32f10x_dma.o
    0x08001de8   0x00000008   Code   RO          983    i.DMA_GetCurrDataCounter  stm32f10x_dma.o
    0x08001df0   0x0000002c   Code   RO          985    i.DMA_GetITStatus   stm32f10x_dma.o
    0x08001e1c   0x00000012   Code   RO          986    i.DMA_ITConfig      stm32f10x_dma.o
    0x08001e2e   0x0000003c   Code   RO          987    i.DMA_Init          stm32f10x_dma.o
    0x08001e6a   0x00000002   PAD
    0x08001e6c   0x000000cc   Code   RO          281    i.DMA_USART1_Configuration  dma.o
    0x08001f38   0x000000c8   Code   RO          282    i.DMA_USART2_Configuration  dma.o
    0x08002000   0x00000002   Code   RO          150    i.DebugMon_Handler  stm32f10x_it.o
    0x08002002   0x00000116   Code   RO          491    i.GPIO_Init         stm32f10x_gpio.o
    0x08002118   0x00000090   Code   RO          493    i.GPIO_PinRemapConfig  stm32f10x_gpio.o
    0x080021a8   0x00000004   Code   RO          499    i.GPIO_SetBits      stm32f10x_gpio.o
    0x080021ac   0x00000004   Code   RO          151    i.HardFault_Handler  stm32f10x_it.o
    0x080021b0   0x00000010   Code   RO         1428    i.IWDG_Enable       stm32f10x_iwdg.o
    0x080021c0   0x00000008   Code   RO          413    i.IWDG_Feed         wdg.o
    0x080021c8   0x00000024   Code   RO          414    i.IWDG_Init         wdg.o
    0x080021ec   0x00000010   Code   RO         1430    i.IWDG_ReloadCounter  stm32f10x_iwdg.o
    0x080021fc   0x0000000c   Code   RO         1431    i.IWDG_SetPrescaler  stm32f10x_iwdg.o
    0x08002208   0x0000000c   Code   RO         1432    i.IWDG_SetReload    stm32f10x_iwdg.o
    0x08002214   0x0000000c   Code   RO         1433    i.IWDG_WriteAccessCmd  stm32f10x_iwdg.o
    0x08002220   0x000000d4   Code   RO          240    i.Init_LEDpin       led.o
    0x080022f4   0x00000004   Code   RO          152    i.MemManage_Handler  stm32f10x_it.o
    0x080022f8   0x00000002   Code   RO          153    i.NMI_Handler       stm32f10x_it.o
    0x080022fa   0x00000064   Code   RO         1496    i.NVIC_Configuration  sys.o
    0x0800235e   0x00000002   PAD
    0x08002360   0x00000070   Code   RO          449    i.NVIC_Init         misc.o
    0x080023d0   0x00000014   Code   RO          450    i.NVIC_PriorityGroupConfig  misc.o
    0x080023e4   0x00000002   Code   RO          154    i.PendSV_Handler    stm32f10x_it.o
    0x080023e6   0x00000002   PAD
    0x080023e8   0x00000018   Code   RO          599    i.RCC_ADCCLKConfig  stm32f10x_rcc.o
    0x08002400   0x00000020   Code   RO          600    i.RCC_AHBPeriphClockCmd  stm32f10x_rcc.o
    0x08002420   0x00000020   Code   RO          601    i.RCC_APB1PeriphClockCmd  stm32f10x_rcc.o
    0x08002440   0x00000020   Code   RO          602    i.RCC_APB1PeriphResetCmd  stm32f10x_rcc.o
    0x08002460   0x00000020   Code   RO          603    i.RCC_APB2PeriphClockCmd  stm32f10x_rcc.o
    0x08002480   0x00000020   Code   RO          604    i.RCC_APB2PeriphResetCmd  stm32f10x_rcc.o
    0x080024a0   0x000000d4   Code   RO          611    i.RCC_GetClocksFreq  stm32f10x_rcc.o
    0x08002574   0x00000002   Code   RO          155    i.SVC_Handler       stm32f10x_it.o
    0x08002576   0x00000008   Code   RO          206    i.SetSysClock       system_stm32f10x.o
    0x0800257e   0x00000002   PAD
    0x08002580   0x000000e0   Code   RO          207    i.SetSysClockTo72   system_stm32f10x.o
    0x08002660   0x00000028   Code   RO          453    i.SysTick_CLKSourceConfig  misc.o
    0x08002688   0x00000060   Code   RO          209    i.SystemInit        system_stm32f10x.o
    0x080026e8   0x00000054   Code   RO         1508    i.USART1_IRQHandler  usart.o
    0x0800273c   0x00000054   Code   RO         1509    i.USART2_IRQHandler  usart.o
    0x08002790   0x00000018   Code   RO          803    i.USART_Cmd         stm32f10x_usart.o
    0x080027a8   0x00000012   Code   RO          804    i.USART_DMACmd      stm32f10x_usart.o
    0x080027ba   0x00000054   Code   RO          807    i.USART_GetITStatus  stm32f10x_usart.o
    0x0800280e   0x0000004a   Code   RO          809    i.USART_ITConfig    stm32f10x_usart.o
    0x08002858   0x000000d8   Code   RO          810    i.USART_Init        stm32f10x_usart.o
    0x08002930   0x0000004c   Code   RO          369    i.USB_LP_CAN1_RX0_IRQHandler  can.o
    0x0800297c   0x00000004   Code   RO          156    i.UsageFault_Handler  stm32f10x_it.o
    0x08002980   0x00000028   Code   RO         1727    i.__ARM_fpclassify  m_ws.l(fpclassify.o)
    0x080029a8   0x0000000e   Code   RO         1584    i._is_digit         c_w.l(__printf_wp.o)
    0x080029b6   0x00000006   Code   RO         1510    i._sys_exit         usart.o
    0x080029bc   0x00000044   Code   RO         1470    i.delay_init        delay.o
    0x08002a00   0x0000004c   Code   RO         1471    i.delay_ms          delay.o
    0x08002a4c   0x00000050   Code   RO          334    i.filter            adc.o
    0x08002a9c   0x00000088   Code   RO            1    i.main              main.o
    0x08002b24   0x00000028   Code   RO          370    i.send              can.o
    0x08002b4c   0x000000b8   Code   RO         1512    i.uart1_init        usart.o
    0x08002c04   0x000000a8   Code   RO         1513    i.uart2_init        usart.o
    0x08002cac   0x00000684   Code   RO            2    i.yaokong_fenxi     main.o
    0x08003330   0x0000002c   Code   RO         1723    locale$$code        c_w.l(lc_numeric_c.o)
    0x0800335c   0x00000062   Code   RO         1600    x$fpl$d2f           fz_ws.l(d2f.o)
    0x080033be   0x00000002   PAD
    0x080033c0   0x00000150   Code   RO         1602    x$fpl$dadd          fz_ws.l(daddsub_clz.o)
    0x08003510   0x000002b0   Code   RO         1609    x$fpl$ddiv          fz_ws.l(ddiv.o)
    0x080037c0   0x0000005a   Code   RO         1612    x$fpl$dfixu         fz_ws.l(dfixu.o)
    0x0800381a   0x00000002   PAD
    0x0800381c   0x00000154   Code   RO         1616    x$fpl$dmul          fz_ws.l(dmul.o)
    0x08003970   0x0000009c   Code   RO         1660    x$fpl$dnaninf       fz_ws.l(dnaninf.o)
    0x08003a0c   0x0000000c   Code   RO         1662    x$fpl$dretinf       fz_ws.l(dretinf.o)
    0x08003a18   0x00000016   Code   RO         1603    x$fpl$drsb          fz_ws.l(daddsub_clz.o)
    0x08003a2e   0x00000002   PAD
    0x08003a30   0x000001d4   Code   RO         1604    x$fpl$dsub          fz_ws.l(daddsub_clz.o)
    0x08003c04   0x00000056   Code   RO         1618    x$fpl$f2d           fz_ws.l(f2d.o)
    0x08003c5a   0x00000002   PAD
    0x08003c5c   0x000000c4   Code   RO         1620    x$fpl$fadd          fz_ws.l(faddsub_clz.o)
    0x08003d20   0x00000018   Code   RO         1664    x$fpl$fcmpinf       fz_ws.l(fcmpi.o)
    0x08003d38   0x00000184   Code   RO         1627    x$fpl$fdiv          fz_ws.l(fdiv.o)
    0x08003ebc   0x00000068   Code   RO         1630    x$fpl$feqf          fz_ws.l(feqf.o)
    0x08003f24   0x0000003e   Code   RO         1632    x$fpl$ffixu         fz_ws.l(ffixu.o)
    0x08003f62   0x00000002   PAD
    0x08003f64   0x00000030   Code   RO         1637    x$fpl$fflt          fz_ws.l(fflt_clz.o)
    0x08003f94   0x00000068   Code   RO         1642    x$fpl$fleqf         fz_ws.l(fleqf.o)
    0x08003ffc   0x00000102   Code   RO         1644    x$fpl$fmul          fz_ws.l(fmul.o)
    0x080040fe   0x0000008c   Code   RO         1666    x$fpl$fnaninf       fz_ws.l(fnaninf.o)
    0x0800418a   0x0000000a   Code   RO         1668    x$fpl$fretinf       fz_ws.l(fretinf.o)
    0x08004194   0x00000062   Code   RO         1646    x$fpl$frleqf        fz_ws.l(frleqf.o)
    0x080041f6   0x00000002   PAD
    0x080041f8   0x000000ea   Code   RO         1622    x$fpl$fsub          fz_ws.l(faddsub_clz.o)
    0x080042e2   0x00000004   Code   RO         1648    x$fpl$printf1       fz_ws.l(printf1.o)
    0x080042e6   0x00000000   Code   RO         1670    x$fpl$usenofp       fz_ws.l(usenofp.o)
    0x080042e6   0x00000002   PAD
    0x080042e8   0x00000094   Data   RO         1698    .constdata          c_w.l(bigflt0.o)
    0x0800437c   0x00000020   Data   RO         1863    Region$$Table       anon$$obj.o
    0x0800439c   0x0000001c   Data   RO         1722    locale$$data        c_w.l(lc_numeric_c.o)


    Execution Region RW_IRAM1 (Base: 0x20000000, Size: 0x00000990, Max: 0x00005000, ABSOLUTE)

    Base Addr    Size         Type   Attr      Idx    E Section Name        Object

    0x20000000   0x0000001a   Data   RW            3    .data               main.o
    0x2000001a   0x00000002   PAD
    0x2000001c   0x00000014   Data   RW          210    .data               system_stm32f10x.o
    0x20000030   0x00000006   Data   RW          372    .data               can.o
    0x20000036   0x00000014   Data   RW          631    .data               stm32f10x_rcc.o
    0x2000004a   0x00000004   Data   RW         1473    .data               delay.o
    0x2000004e   0x00000002   PAD
    0x20000050   0x0000000a   Data   RW         1515    .data               usart.o
    0x2000005a   0x00000002   PAD
    0x2000005c   0x000002b4   Zero   RW          285    .bss                dma.o
    0x20000310   0x0000000c   Zero   RW          335    .bss                adc.o
    0x2000031c   0x00000014   Zero   RW          371    .bss                can.o
    0x20000330   0x00000060   Zero   RW         1730    .bss                c_w.l(libspace.o)
    0x20000390   0x00000200   Zero   RW          443    HEAP                startup_stm32f10x_md.o
    0x20000590   0x00000400   Zero   RW          442    STACK               startup_stm32f10x_md.o


==============================================================================

Image component sizes


      Code (inc. data)   RO Data    RW Data    ZI Data      Debug   Object Name

       310         18          0          0         12       2236   adc.o
       496         36          0          6         20       3414   can.o
         0          0          0          0          0         32   core_cm3.o
       144         22          0          4          0       1184   delay.o
       572         58          0          0        692       3659   dma.o
       212         16          0          0          0     221238   led.o
      1804        166          0         26          0     241149   main.o
       172         22          0          0          0       2021   misc.o
        64         26        236          0       1536        804   startup_stm32f10x_md.o
       518         30          0          0          0       8333   stm32f10x_adc.o
      1340         34          0          0          0       6047   stm32f10x_can.o
       514         26          0          0          0       5608   stm32f10x_dma.o
       426          6          0          0          0       3277   stm32f10x_gpio.o
        24          0          0          0          0       3304   stm32f10x_it.o
        68         30          0          0          0       2442   stm32f10x_iwdg.o
       396         56          0         20          0       6599   stm32f10x_rcc.o
       416          6          0          0          0       4949   stm32f10x_usart.o
       100          0          0          0          0        545   sys.o
       328         28          0         20          0       2085   system_stm32f10x.o
       526         44          0         10          0       4742   usart.o
        44          0          0          0          0        968   wdg.o

    ----------------------------------------------------------------------
      8490        624        268         92       2260     524636   Object Totals
         0          0         32          0          0          0   (incl. Generated)
        16          0          0          6          0          0   (incl. Padding)

    ----------------------------------------------------------------------

      Code (inc. data)   RO Data    RW Data    ZI Data      Debug   Library Member Name

         8          0          0          0          0         68   __main.o
       284          0          0          0          0        156   __printf_wp.o
         0          0          0          0          0          0   __rtentry.o
        12          0          0          0          0          0   __rtentry2.o
         6          0          0          0          0          0   __rtentry4.o
        52          8          0          0          0          0   __scatter.o
        26          0          0          0          0          0   __scatter_copy.o
        28          0          0          0          0          0   __scatter_zi.o
        48          6          0          0          0         96   _printf_char_common.o
         6          0          0          0          0          0   _printf_f.o
      1050          0          0          0          0        216   _printf_fp_dec.o
       128         16          0          0          0         84   _printf_fp_infnan.o
        78          0          0          0          0        108   _printf_pad.o
         0          0          0          0          0          0   _printf_percent.o
         4          0          0          0          0          0   _printf_percent_end.o
        10          0          0          0          0         68   _sputc.o
       220          4        148          0          0         96   bigflt0.o
      1910        128          0          0          0        672   btod.o
        12          0          0          0          0         72   exit.o
         6          0          0          0          0        152   heapauxi.o
        44         10         28          0          0         76   lc_numeric_c.o
         2          0          0          0          0          0   libinit.o
        18          0          0          0          0          0   libinit2.o
         2          0          0          0          0          0   libshutdown.o
         2          0          0          0          0          0   libshutdown2.o
         8          4          0          0         96         68   libspace.o
       138          0          0          0          0         80   lludiv10.o
        40          6          0          0          0         84   noretval__2sprintf.o
         8          4          0          0          0         68   rt_locale_intlibspace.o
         2          0          0          0          0          0   rtexit.o
        10          0          0          0          0          0   rtexit2.o
       128          0          0          0          0         68   strcmpv7m.o
        74          0          0          0          0         80   sys_stackheap_outer.o
         2          0          0          0          0         68   use_no_semi.o
         2          0          0          0          0         68   use_no_semi_2.o
        98          4          0          0          0         92   d2f.o
       826         16          0          0          0        348   daddsub_clz.o
       688        140          0          0          0        208   ddiv.o
        90          4          0          0          0         92   dfixu.o
       340         12          0          0          0        104   dmul.o
       156          4          0          0          0         92   dnaninf.o
        12          0          0          0          0         68   dretinf.o
        86          4          0          0          0         84   f2d.o
       430          8          0          0          0        168   faddsub_clz.o
        24          0          0          0          0         68   fcmpi.o
       388         76          0          0          0         96   fdiv.o
       104          4          0          0          0         84   feqf.o
        62          4          0          0          0         84   ffixu.o
        48          0          0          0          0         68   fflt_clz.o
       104          4          0          0          0         84   fleqf.o
       258          4          0          0          0         84   fmul.o
       140          4          0          0          0         84   fnaninf.o
        10          0          0          0          0         68   fretinf.o
        98          0          0          0          0         68   frleqf.o
         4          0          0          0          0         68   printf1.o
         0          0          0          0          0          0   usenofp.o
        40          0          0          0          0         68   fpclassify.o

    ----------------------------------------------------------------------
      8402        474        176          0         96       4628   Library Totals
        28          0          0          0          0          0   (incl. Padding)

    ----------------------------------------------------------------------

      Code (inc. data)   RO Data    RW Data    ZI Data      Debug   Library Name

      4368        186        176          0         96       2448   c_w.l
      3966        288          0          0          0       2112   fz_ws.l
        40          0          0          0          0         68   m_ws.l

    ----------------------------------------------------------------------
      8402        474        176          0         96       4628   Library Totals

    ----------------------------------------------------------------------

==============================================================================


      Code (inc. data)   RO Data    RW Data    ZI Data      Debug   

     16892       1098        444         92       2356     522500   Grand Totals
     16892       1098        444         92       2356     522500   ELF Image Totals
     16892       1098        444         92          0          0   ROM Totals

==============================================================================

    Total RO  Size (Code + RO Data)                17336 (  16.93kB)
    Total RW  Size (RW Data + ZI Data)              2448 (   2.39kB)
    Total ROM Size (Code + RO Data + RW Data)      17428 (  17.02kB)

==============================================================================

